#! /usr/bin/vvp
:ivl_version "12.0 (stable)";
:ivl_delay_selection "TYPICAL";
:vpi_time_precision - 12;
:vpi_module "/usr/lib/x86_64-linux-gnu/ivl/system.vpi";
:vpi_module "/usr/lib/x86_64-linux-gnu/ivl/vhdl_sys.vpi";
:vpi_module "/usr/lib/x86_64-linux-gnu/ivl/vhdl_textio.vpi";
:vpi_module "/usr/lib/x86_64-linux-gnu/ivl/v2005_math.vpi";
:vpi_module "/usr/lib/x86_64-linux-gnu/ivl/va_math.vpi";
:vpi_module "/usr/lib/x86_64-linux-gnu/ivl/v2009.vpi";
S_0x57c9a134ea10 .scope package, "$unit" "$unit" 2 1;
 .timescale 0 0;
S_0x57c9a134eba0 .scope module, "tb_alu" "tb_alu" 3 9;
 .timescale -9 -12;
P_0x57c9a1312490 .param/l "ADD" 1 3 19, C4<000>;
P_0x57c9a13124d0 .param/l "AND" 1 3 21, C4<010>;
P_0x57c9a1312510 .param/l "OR" 1 3 22, C4<011>;
P_0x57c9a1312550 .param/l "SLT" 1 3 24, C4<101>;
P_0x57c9a1312590 .param/l "SUB" 1 3 20, C4<001>;
P_0x57c9a13125d0 .param/l "UNUSED" 1 3 25, C4<110>;
P_0x57c9a1312610 .param/l "XOR" 1 3 23, C4<100>;
v0x57c9a1382c30_0 .var "a", 31 0;
v0x57c9a1382d10_0 .var "alu_ctrl", 2 0;
v0x57c9a1382de0_0 .var "b", 31 0;
v0x57c9a1382ee0_0 .var/i "checks", 31 0;
v0x57c9a1382f80_0 .var/i "errors", 31 0;
v0x57c9a1383060_0 .net "result", 31 0, v0x57c9a13829f0_0;  1 drivers
v0x57c9a1383120_0 .net "zero", 0 0, L_0x57c9a13935c0;  1 drivers
S_0x57c9a1362360 .scope task, "check" "check" 3 35, 3 35 0, S_0x57c9a134eba0;
 .timescale -9 -12;
v0x57c9a1350d20_0 .var "exp_result", 31 0;
v0x57c9a1381b10_0 .var "exp_zero", 0 0;
v0x57c9a1381bd0_0 .var/str "name";
TD_tb_alu.check ;
    %load/vec4 v0x57c9a1382ee0_0;
    %addi 1, 0, 32;
    %store/vec4 v0x57c9a1382ee0_0, 0, 32;
    %load/vec4 v0x57c9a1383060_0;
    %load/vec4 v0x57c9a1350d20_0;
    %cmp/ne;
    %jmp/1 T_0.2, 6;
    %flag_mov 8, 6;
    %load/vec4 v0x57c9a1383120_0;
    %load/vec4 v0x57c9a1381b10_0;
    %cmp/ne;
    %flag_or 6, 8;
T_0.2;
    %jmp/0xz  T_0.0, 6;
    %load/vec4 v0x57c9a1382f80_0;
    %addi 1, 0, 32;
    %store/vec4 v0x57c9a1382f80_0, 0, 32;
    %vpi_call/w 3 40 "$display", "FAIL [%0d] %0s: a=%h b=%h ctrl=%b -> result=%h zero=%b (expected result=%h zero=%b)", v0x57c9a1382ee0_0, v0x57c9a1381bd0_0, v0x57c9a1382c30_0, v0x57c9a1382de0_0, v0x57c9a1382d10_0, v0x57c9a1383060_0, v0x57c9a1383120_0, v0x57c9a1350d20_0, v0x57c9a1381b10_0 {0 0 0};
    %jmp T_0.1;
T_0.0 ;
    %vpi_call/w 3 44 "$display", "PASS [%0d] %0s: a=%h b=%h ctrl=%b -> result=%h zero=%b", v0x57c9a1382ee0_0, v0x57c9a1381bd0_0, v0x57c9a1382c30_0, v0x57c9a1382de0_0, v0x57c9a1382d10_0, v0x57c9a1383060_0, v0x57c9a1383120_0 {0 0 0};
T_0.1 ;
    %end;
S_0x57c9a1381c70 .scope module, "dut" "alu" 3 27, 4 1 0, S_0x57c9a134eba0;
 .timescale 0 0;
    .port_info 0 /INPUT 32 "a";
    .port_info 1 /INPUT 32 "b";
    .port_info 2 /INPUT 3 "alu_ctrl";
    .port_info 3 /OUTPUT 32 "result";
    .port_info 4 /OUTPUT 1 "zero";
P_0x57c9a1381e70 .param/l "ADD" 1 4 8, C4<000>;
P_0x57c9a1381eb0 .param/l "AND" 1 4 10, C4<010>;
P_0x57c9a1381ef0 .param/l "OR" 1 4 11, C4<011>;
P_0x57c9a1381f30 .param/l "SLT" 1 4 13, C4<101>;
P_0x57c9a1381f70 .param/l "SUB" 1 4 9, C4<001>;
P_0x57c9a1381fb0 .param/l "XOR" 1 4 12, C4<100>;
L_0x7e08785b7018 .functor BUFT 1, C4<00000000000000000000000000000000>, C4<0>, C4<0>, C4<0>;
v0x57c9a13822c0_0 .net/2u *"_ivl_0", 31 0, L_0x7e08785b7018;  1 drivers
v0x57c9a13823c0_0 .net *"_ivl_2", 0 0, L_0x57c9a1393260;  1 drivers
L_0x7e08785b7060 .functor BUFT 1, C4<01>, C4<0>, C4<0>, C4<0>;
v0x57c9a1382480_0 .net/2s *"_ivl_4", 1 0, L_0x7e08785b7060;  1 drivers
L_0x7e08785b70a8 .functor BUFT 1, C4<00>, C4<0>, C4<0>, C4<0>;
v0x57c9a1382540_0 .net/2s *"_ivl_6", 1 0, L_0x7e08785b70a8;  1 drivers
v0x57c9a1382620_0 .net *"_ivl_8", 1 0, L_0x57c9a1393400;  1 drivers
v0x57c9a1382750_0 .net "a", 31 0, v0x57c9a1382c30_0;  1 drivers
v0x57c9a1382830_0 .net "alu_ctrl", 2 0, v0x57c9a1382d10_0;  1 drivers
v0x57c9a1382910_0 .net "b", 31 0, v0x57c9a1382de0_0;  1 drivers
v0x57c9a13829f0_0 .var "result", 31 0;
v0x57c9a1382ad0_0 .net "zero", 0 0, L_0x57c9a13935c0;  alias, 1 drivers
E_0x57c9a1312f00 .event anyedge, v0x57c9a1382830_0, v0x57c9a1382750_0, v0x57c9a1382910_0;
L_0x57c9a1393260 .cmp/eq 32, v0x57c9a13829f0_0, L_0x7e08785b7018;
L_0x57c9a1393400 .functor MUXZ 2, L_0x7e08785b70a8, L_0x7e08785b7060, L_0x57c9a1393260, C4<>;
L_0x57c9a13935c0 .part L_0x57c9a1393400, 0, 1;
    .scope S_0x57c9a1381c70;
T_1 ;
    %wait E_0x57c9a1312f00;
    %load/vec4 v0x57c9a1382830_0;
    %dup/vec4;
    %pushi/vec4 0, 0, 3;
    %cmp/u;
    %jmp/1 T_1.0, 6;
    %dup/vec4;
    %pushi/vec4 1, 0, 3;
    %cmp/u;
    %jmp/1 T_1.1, 6;
    %dup/vec4;
    %pushi/vec4 2, 0, 3;
    %cmp/u;
    %jmp/1 T_1.2, 6;
    %dup/vec4;
    %pushi/vec4 3, 0, 3;
    %cmp/u;
    %jmp/1 T_1.3, 6;
    %dup/vec4;
    %pushi/vec4 4, 0, 3;
    %cmp/u;
    %jmp/1 T_1.4, 6;
    %dup/vec4;
    %pushi/vec4 5, 0, 3;
    %cmp/u;
    %jmp/1 T_1.5, 6;
    %jmp T_1.6;
T_1.0 ;
    %load/vec4 v0x57c9a1382750_0;
    %load/vec4 v0x57c9a1382910_0;
    %add;
    %store/vec4 v0x57c9a13829f0_0, 0, 32;
    %jmp T_1.6;
T_1.1 ;
    %load/vec4 v0x57c9a1382750_0;
    %load/vec4 v0x57c9a1382910_0;
    %sub;
    %store/vec4 v0x57c9a13829f0_0, 0, 32;
    %jmp T_1.6;
T_1.2 ;
    %load/vec4 v0x57c9a1382750_0;
    %load/vec4 v0x57c9a1382910_0;
    %and;
    %store/vec4 v0x57c9a13829f0_0, 0, 32;
    %jmp T_1.6;
T_1.3 ;
    %load/vec4 v0x57c9a1382750_0;
    %load/vec4 v0x57c9a1382910_0;
    %or;
    %store/vec4 v0x57c9a13829f0_0, 0, 32;
    %jmp T_1.6;
T_1.4 ;
    %load/vec4 v0x57c9a1382750_0;
    %load/vec4 v0x57c9a1382910_0;
    %xor;
    %store/vec4 v0x57c9a13829f0_0, 0, 32;
    %jmp T_1.6;
T_1.5 ;
    %load/vec4 v0x57c9a1382750_0;
    %load/vec4 v0x57c9a1382910_0;
    %cmp/s;
    %flag_mov 8, 5;
    %jmp/0 T_1.7, 8;
    %pushi/vec4 1, 0, 32;
    %jmp/1 T_1.8, 8;
T_1.7 ; End of true expr.
    %pushi/vec4 0, 0, 32;
    %jmp/0 T_1.8, 8;
 ; End of false expr.
    %blend;
T_1.8;
    %store/vec4 v0x57c9a13829f0_0, 0, 32;
    %jmp T_1.6;
T_1.6 ;
    %pop/vec4 1;
    %jmp T_1;
    .thread T_1, $push;
    .scope S_0x57c9a134eba0;
T_2 ;
    %pushi/vec4 0, 0, 32;
    %store/vec4 v0x57c9a1382f80_0, 0, 32;
    %pushi/vec4 0, 0, 32;
    %store/vec4 v0x57c9a1382ee0_0, 0, 32;
    %end;
    .thread T_2, $init;
    .scope S_0x57c9a134eba0;
T_3 ;
    %vpi_call/w 3 51 "$display", "=== tb_alu: starting ===" {0 0 0};
    %pushi/vec4 10, 0, 32;
    %store/vec4 v0x57c9a1382c30_0, 0, 32;
    %pushi/vec4 20, 0, 32;
    %store/vec4 v0x57c9a1382de0_0, 0, 32;
    %pushi/vec4 0, 0, 3;
    %store/vec4 v0x57c9a1382d10_0, 0, 3;
    %delay 1000, 0;
    %pushi/vec4 30, 0, 32;
    %store/vec4 v0x57c9a1350d20_0, 0, 32;
    %pushi/vec4 0, 0, 1;
    %store/vec4 v0x57c9a1381b10_0, 0, 1;
    %pushi/str "ADD 10+20";
    %store/str v0x57c9a1381bd0_0;
    %fork TD_tb_alu.check, S_0x57c9a1362360;
    %join;
    %pushi/vec4 4294967295, 0, 32;
    %store/vec4 v0x57c9a1382c30_0, 0, 32;
    %pushi/vec4 1, 0, 32;
    %store/vec4 v0x57c9a1382de0_0, 0, 32;
    %pushi/vec4 0, 0, 3;
    %store/vec4 v0x57c9a1382d10_0, 0, 3;
    %delay 1000, 0;
    %pushi/vec4 0, 0, 32;
    %store/vec4 v0x57c9a1350d20_0, 0, 32;
    %pushi/vec4 1, 0, 1;
    %store/vec4 v0x57c9a1381b10_0, 0, 1;
    %pushi/str "ADD wraparound -1+1=0";
    %store/str v0x57c9a1381bd0_0;
    %fork TD_tb_alu.check, S_0x57c9a1362360;
    %join;
    %pushi/vec4 4294967291, 0, 32;
    %store/vec4 v0x57c9a1382c30_0, 0, 32;
    %pushi/vec4 4294967289, 0, 32;
    %store/vec4 v0x57c9a1382de0_0, 0, 32;
    %pushi/vec4 0, 0, 3;
    %store/vec4 v0x57c9a1382d10_0, 0, 3;
    %delay 1000, 0;
    %pushi/vec4 4294967284, 0, 32;
    %store/vec4 v0x57c9a1350d20_0, 0, 32;
    %pushi/vec4 0, 0, 1;
    %store/vec4 v0x57c9a1381b10_0, 0, 1;
    %pushi/str "ADD -5+-7";
    %store/str v0x57c9a1381bd0_0;
    %fork TD_tb_alu.check, S_0x57c9a1362360;
    %join;
    %pushi/vec4 50, 0, 32;
    %store/vec4 v0x57c9a1382c30_0, 0, 32;
    %pushi/vec4 20, 0, 32;
    %store/vec4 v0x57c9a1382de0_0, 0, 32;
    %pushi/vec4 1, 0, 3;
    %store/vec4 v0x57c9a1382d10_0, 0, 3;
    %delay 1000, 0;
    %pushi/vec4 30, 0, 32;
    %store/vec4 v0x57c9a1350d20_0, 0, 32;
    %pushi/vec4 0, 0, 1;
    %store/vec4 v0x57c9a1381b10_0, 0, 1;
    %pushi/str "SUB 50-20";
    %store/str v0x57c9a1381bd0_0;
    %fork TD_tb_alu.check, S_0x57c9a1362360;
    %join;
    %pushi/vec4 77, 0, 32;
    %store/vec4 v0x57c9a1382c30_0, 0, 32;
    %pushi/vec4 77, 0, 32;
    %store/vec4 v0x57c9a1382de0_0, 0, 32;
    %pushi/vec4 1, 0, 3;
    %store/vec4 v0x57c9a1382d10_0, 0, 3;
    %delay 1000, 0;
    %pushi/vec4 0, 0, 32;
    %store/vec4 v0x57c9a1350d20_0, 0, 32;
    %pushi/vec4 1, 0, 1;
    %store/vec4 v0x57c9a1381b10_0, 0, 1;
    %pushi/str "SUB equal operands -> zero flag";
    %store/str v0x57c9a1381bd0_0;
    %fork TD_tb_alu.check, S_0x57c9a1362360;
    %join;
    %pushi/vec4 5, 0, 32;
    %store/vec4 v0x57c9a1382c30_0, 0, 32;
    %pushi/vec4 10, 0, 32;
    %store/vec4 v0x57c9a1382de0_0, 0, 32;
    %pushi/vec4 1, 0, 3;
    %store/vec4 v0x57c9a1382d10_0, 0, 3;
    %delay 1000, 0;
    %pushi/vec4 4294967291, 0, 32;
    %store/vec4 v0x57c9a1350d20_0, 0, 32;
    %pushi/vec4 0, 0, 1;
    %store/vec4 v0x57c9a1381b10_0, 0, 1;
    %pushi/str "SUB 5-10 negative result";
    %store/str v0x57c9a1381bd0_0;
    %fork TD_tb_alu.check, S_0x57c9a1362360;
    %join;
    %pushi/vec4 4278255360, 0, 32;
    %store/vec4 v0x57c9a1382c30_0, 0, 32;
    %pushi/vec4 252645135, 0, 32;
    %store/vec4 v0x57c9a1382de0_0, 0, 32;
    %pushi/vec4 2, 0, 3;
    %store/vec4 v0x57c9a1382d10_0, 0, 3;
    %delay 1000, 0;
    %pushi/vec4 251662080, 0, 32;
    %store/vec4 v0x57c9a1350d20_0, 0, 32;
    %pushi/vec4 0, 0, 1;
    %store/vec4 v0x57c9a1381b10_0, 0, 1;
    %pushi/str "AND";
    %store/str v0x57c9a1381bd0_0;
    %fork TD_tb_alu.check, S_0x57c9a1362360;
    %join;
    %pushi/vec4 4278255360, 0, 32;
    %store/vec4 v0x57c9a1382c30_0, 0, 32;
    %pushi/vec4 16711935, 0, 32;
    %store/vec4 v0x57c9a1382de0_0, 0, 32;
    %pushi/vec4 2, 0, 3;
    %store/vec4 v0x57c9a1382d10_0, 0, 3;
    %delay 1000, 0;
    %pushi/vec4 0, 0, 32;
    %store/vec4 v0x57c9a1350d20_0, 0, 32;
    %pushi/vec4 1, 0, 1;
    %store/vec4 v0x57c9a1381b10_0, 0, 1;
    %pushi/str "AND disjoint bits -> zero";
    %store/str v0x57c9a1381bd0_0;
    %fork TD_tb_alu.check, S_0x57c9a1362360;
    %join;
    %pushi/vec4 4278255360, 0, 32;
    %store/vec4 v0x57c9a1382c30_0, 0, 32;
    %pushi/vec4 16711935, 0, 32;
    %store/vec4 v0x57c9a1382de0_0, 0, 32;
    %pushi/vec4 3, 0, 3;
    %store/vec4 v0x57c9a1382d10_0, 0, 3;
    %delay 1000, 0;
    %pushi/vec4 4294967295, 0, 32;
    %store/vec4 v0x57c9a1350d20_0, 0, 32;
    %pushi/vec4 0, 0, 1;
    %store/vec4 v0x57c9a1381b10_0, 0, 1;
    %pushi/str "OR";
    %store/str v0x57c9a1381bd0_0;
    %fork TD_tb_alu.check, S_0x57c9a1362360;
    %join;
    %pushi/vec4 2863311530, 0, 32;
    %store/vec4 v0x57c9a1382c30_0, 0, 32;
    %pushi/vec4 1431655765, 0, 32;
    %store/vec4 v0x57c9a1382de0_0, 0, 32;
    %pushi/vec4 4, 0, 3;
    %store/vec4 v0x57c9a1382d10_0, 0, 3;
    %delay 1000, 0;
    %pushi/vec4 4294967295, 0, 32;
    %store/vec4 v0x57c9a1350d20_0, 0, 32;
    %pushi/vec4 0, 0, 1;
    %store/vec4 v0x57c9a1381b10_0, 0, 1;
    %pushi/str "XOR alternating bits";
    %store/str v0x57c9a1381bd0_0;
    %fork TD_tb_alu.check, S_0x57c9a1362360;
    %join;
    %pushi/vec4 3735928559, 0, 32;
    %store/vec4 v0x57c9a1382c30_0, 0, 32;
    %pushi/vec4 3735928559, 0, 32;
    %store/vec4 v0x57c9a1382de0_0, 0, 32;
    %pushi/vec4 4, 0, 3;
    %store/vec4 v0x57c9a1382d10_0, 0, 3;
    %delay 1000, 0;
    %pushi/vec4 0, 0, 32;
    %store/vec4 v0x57c9a1350d20_0, 0, 32;
    %pushi/vec4 1, 0, 1;
    %store/vec4 v0x57c9a1381b10_0, 0, 1;
    %pushi/str "XOR identical -> zero";
    %store/str v0x57c9a1381bd0_0;
    %fork TD_tb_alu.check, S_0x57c9a1362360;
    %join;
    %pushi/vec4 4294967295, 0, 32;
    %store/vec4 v0x57c9a1382c30_0, 0, 32;
    %pushi/vec4 1, 0, 32;
    %store/vec4 v0x57c9a1382de0_0, 0, 32;
    %pushi/vec4 5, 0, 3;
    %store/vec4 v0x57c9a1382d10_0, 0, 3;
    %delay 1000, 0;
    %pushi/vec4 1, 0, 32;
    %store/vec4 v0x57c9a1350d20_0, 0, 32;
    %pushi/vec4 0, 0, 1;
    %store/vec4 v0x57c9a1381b10_0, 0, 1;
    %pushi/str "SLT -1 < 1 (signed) -> 1";
    %store/str v0x57c9a1381bd0_0;
    %fork TD_tb_alu.check, S_0x57c9a1362360;
    %join;
    %pushi/vec4 4294967295, 0, 32;
    %store/vec4 v0x57c9a1382c30_0, 0, 32;
    %pushi/vec4 0, 0, 32;
    %store/vec4 v0x57c9a1382de0_0, 0, 32;
    %pushi/vec4 5, 0, 3;
    %store/vec4 v0x57c9a1382d10_0, 0, 3;
    %delay 1000, 0;
    %pushi/vec4 1, 0, 32;
    %store/vec4 v0x57c9a1350d20_0, 0, 32;
    %pushi/vec4 0, 0, 1;
    %store/vec4 v0x57c9a1381b10_0, 0, 1;
    %pushi/str "SLT signed -1 < 0 -> 1 (must not be treated as unsigned)";
    %store/str v0x57c9a1381bd0_0;
    %fork TD_tb_alu.check, S_0x57c9a1362360;
    %join;
    %pushi/vec4 100, 0, 32;
    %store/vec4 v0x57c9a1382c30_0, 0, 32;
    %pushi/vec4 50, 0, 32;
    %store/vec4 v0x57c9a1382de0_0, 0, 32;
    %pushi/vec4 5, 0, 3;
    %store/vec4 v0x57c9a1382d10_0, 0, 3;
    %delay 1000, 0;
    %pushi/vec4 0, 0, 32;
    %store/vec4 v0x57c9a1350d20_0, 0, 32;
    %pushi/vec4 1, 0, 1;
    %store/vec4 v0x57c9a1381b10_0, 0, 1;
    %pushi/str "SLT 100 < 50 -> 0 (zero flag: result==0)";
    %store/str v0x57c9a1381bd0_0;
    %fork TD_tb_alu.check, S_0x57c9a1362360;
    %join;
    %pushi/vec4 42, 0, 32;
    %store/vec4 v0x57c9a1382c30_0, 0, 32;
    %pushi/vec4 42, 0, 32;
    %store/vec4 v0x57c9a1382de0_0, 0, 32;
    %pushi/vec4 5, 0, 3;
    %store/vec4 v0x57c9a1382d10_0, 0, 3;
    %delay 1000, 0;
    %pushi/vec4 0, 0, 32;
    %store/vec4 v0x57c9a1350d20_0, 0, 32;
    %pushi/vec4 1, 0, 1;
    %store/vec4 v0x57c9a1381b10_0, 0, 1;
    %pushi/str "SLT equal operands -> 0";
    %store/str v0x57c9a1381bd0_0;
    %fork TD_tb_alu.check, S_0x57c9a1362360;
    %join;
    %pushi/vec4 3735928559, 0, 32;
    %store/vec4 v0x57c9a1382c30_0, 0, 32;
    %pushi/vec4 3405691582, 0, 32;
    %store/vec4 v0x57c9a1382de0_0, 0, 32;
    %pushi/vec4 6, 0, 3;
    %store/vec4 v0x57c9a1382d10_0, 0, 3;
    %delay 1000, 0;
    %pushi/vec4 0, 0, 32;
    %store/vec4 v0x57c9a1350d20_0, 0, 32;
    %pushi/vec4 1, 0, 1;
    %store/vec4 v0x57c9a1381b10_0, 0, 1;
    %pushi/str "Unused alu_ctrl code -> default result 0";
    %store/str v0x57c9a1381bd0_0;
    %fork TD_tb_alu.check, S_0x57c9a1362360;
    %join;
    %vpi_call/w 3 119 "$display", "=== tb_alu: %0d checks, %0d errors ===", v0x57c9a1382ee0_0, v0x57c9a1382f80_0 {0 0 0};
    %load/vec4 v0x57c9a1382f80_0;
    %cmpi/e 0, 0, 32;
    %jmp/0xz  T_3.0, 4;
    %vpi_call/w 3 120 "$display", "*** TB_ALU: ALL TESTS PASSED ***" {0 0 0};
    %jmp T_3.1;
T_3.0 ;
    %vpi_call/w 3 121 "$display", "*** TB_ALU: %0d TEST(S) FAILED ***", v0x57c9a1382f80_0 {0 0 0};
T_3.1 ;
    %vpi_call/w 3 122 "$finish" {0 0 0};
    %end;
    .thread T_3;
# The file index is used to find the file name in the following table.
:file_names 5;
    "N/A";
    "<interactive>";
    "-";
    "tb/tb_alu.v";
    "alu.v";
