#! /usr/bin/vvp
:ivl_version "12.0 (stable)";
:ivl_delay_selection "TYPICAL";
:vpi_time_precision - 12;
:vpi_module "/usr/lib/x86_64-linux-gnu/ivl/system.vpi";
:vpi_module "/usr/lib/x86_64-linux-gnu/ivl/vhdl_sys.vpi";
:vpi_module "/usr/lib/x86_64-linux-gnu/ivl/vhdl_textio.vpi";
:vpi_module "/usr/lib/x86_64-linux-gnu/ivl/v2005_math.vpi";
:vpi_module "/usr/lib/x86_64-linux-gnu/ivl/va_math.vpi";
:vpi_module "/usr/lib/x86_64-linux-gnu/ivl/v2009.vpi";
S_0x5be74abed5d0 .scope package, "$unit" "$unit" 2 1;
 .timescale 0 0;
S_0x5be74abf1900 .scope module, "tb_alu_control" "tb_alu_control" 3 10;
 .timescale -9 -12;
P_0x5be74abf1a90 .param/l "ADD" 1 3 20, C4<000>;
P_0x5be74abf1ad0 .param/l "AND" 1 3 22, C4<010>;
P_0x5be74abf1b10 .param/l "OR" 1 3 23, C4<011>;
P_0x5be74abf1b50 .param/l "SLT" 1 3 25, C4<101>;
P_0x5be74abf1b90 .param/l "SUB" 1 3 21, C4<001>;
P_0x5be74abf1bd0 .param/l "XOR" 1 3 24, C4<100>;
v0x5be74ac1f8f0_0 .var "ALUOp", 1 0;
v0x5be74ac1f9d0_0 .net "alu_ctrl", 2 0, v0x5be74ac1f590_0;  1 drivers
v0x5be74ac1faa0_0 .var/i "checks", 31 0;
v0x5be74ac1fb70_0 .var/i "errors", 31 0;
v0x5be74ac1fc50_0 .var "funct3", 2 0;
v0x5be74ac1fd60_0 .var "funct7", 6 0;
S_0x5be74abb5490 .scope task, "check" "check" 3 34, 3 34 0, S_0x5be74abf1900;
 .timescale -9 -12;
v0x5be74abb5670_0 .var "exp", 2 0;
v0x5be74ac1ed10_0 .var/str "name";
TD_tb_alu_control.check ;
    %load/vec4 v0x5be74ac1faa0_0;
    %addi 1, 0, 32;
    %store/vec4 v0x5be74ac1faa0_0, 0, 32;
    %load/vec4 v0x5be74ac1f9d0_0;
    %load/vec4 v0x5be74abb5670_0;
    %cmp/ne;
    %jmp/0xz  T_0.0, 6;
    %load/vec4 v0x5be74ac1fb70_0;
    %addi 1, 0, 32;
    %store/vec4 v0x5be74ac1fb70_0, 0, 32;
    %vpi_call/w 3 39 "$display", "FAIL [%0d] %0s: ALUOp=%b funct3=%b funct7=%b -> alu_ctrl=%b (expected %b)", v0x5be74ac1faa0_0, v0x5be74ac1ed10_0, v0x5be74ac1f8f0_0, v0x5be74ac1fc50_0, v0x5be74ac1fd60_0, v0x5be74ac1f9d0_0, v0x5be74abb5670_0 {0 0 0};
    %jmp T_0.1;
T_0.0 ;
    %vpi_call/w 3 43 "$display", "PASS [%0d] %0s: ALUOp=%b funct3=%b funct7=%b -> alu_ctrl=%b", v0x5be74ac1faa0_0, v0x5be74ac1ed10_0, v0x5be74ac1f8f0_0, v0x5be74ac1fc50_0, v0x5be74ac1fd60_0, v0x5be74ac1f9d0_0 {0 0 0};
T_0.1 ;
    %end;
S_0x5be74ac1edd0 .scope module, "dut" "alu_control" 3 27, 4 1 0, S_0x5be74abf1900;
 .timescale 0 0;
    .port_info 0 /INPUT 2 "ALUOp";
    .port_info 1 /INPUT 3 "funct3";
    .port_info 2 /INPUT 7 "funct7";
    .port_info 3 /OUTPUT 3 "alu_ctrl";
P_0x5be74ac1efd0 .param/l "ADD" 1 4 7, C4<000>;
P_0x5be74ac1f010 .param/l "AND" 1 4 9, C4<010>;
P_0x5be74ac1f050 .param/l "OR" 1 4 10, C4<011>;
P_0x5be74ac1f090 .param/l "SLT" 1 4 12, C4<101>;
P_0x5be74ac1f0d0 .param/l "SUB" 1 4 8, C4<001>;
P_0x5be74ac1f110 .param/l "XOR" 1 4 11, C4<100>;
v0x5be74ac1f490_0 .net "ALUOp", 1 0, v0x5be74ac1f8f0_0;  1 drivers
v0x5be74ac1f590_0 .var "alu_ctrl", 2 0;
v0x5be74ac1f670_0 .net "funct3", 2 0, v0x5be74ac1fc50_0;  1 drivers
v0x5be74ac1f760_0 .net "funct7", 6 0, v0x5be74ac1fd60_0;  1 drivers
E_0x5be74abeee70 .event anyedge, v0x5be74ac1f490_0, v0x5be74ac1f670_0, v0x5be74ac1f760_0;
    .scope S_0x5be74ac1edd0;
T_1 ;
    %wait E_0x5be74abeee70;
    %load/vec4 v0x5be74ac1f490_0;
    %dup/vec4;
    %pushi/vec4 0, 0, 2;
    %cmp/u;
    %jmp/1 T_1.0, 6;
    %dup/vec4;
    %pushi/vec4 1, 0, 2;
    %cmp/u;
    %jmp/1 T_1.1, 6;
    %dup/vec4;
    %pushi/vec4 2, 0, 2;
    %cmp/u;
    %jmp/1 T_1.2, 6;
    %pushi/vec4 0, 0, 3;
    %store/vec4 v0x5be74ac1f590_0, 0, 3;
    %jmp T_1.4;
T_1.0 ;
    %pushi/vec4 0, 0, 3;
    %store/vec4 v0x5be74ac1f590_0, 0, 3;
    %jmp T_1.4;
T_1.1 ;
    %pushi/vec4 1, 0, 3;
    %store/vec4 v0x5be74ac1f590_0, 0, 3;
    %jmp T_1.4;
T_1.2 ;
    %load/vec4 v0x5be74ac1f670_0;
    %dup/vec4;
    %pushi/vec4 0, 0, 3;
    %cmp/u;
    %jmp/1 T_1.5, 6;
    %dup/vec4;
    %pushi/vec4 7, 0, 3;
    %cmp/u;
    %jmp/1 T_1.6, 6;
    %dup/vec4;
    %pushi/vec4 6, 0, 3;
    %cmp/u;
    %jmp/1 T_1.7, 6;
    %dup/vec4;
    %pushi/vec4 4, 0, 3;
    %cmp/u;
    %jmp/1 T_1.8, 6;
    %dup/vec4;
    %pushi/vec4 2, 0, 3;
    %cmp/u;
    %jmp/1 T_1.9, 6;
    %pushi/vec4 0, 0, 3;
    %store/vec4 v0x5be74ac1f590_0, 0, 3;
    %jmp T_1.11;
T_1.5 ;
    %load/vec4 v0x5be74ac1f760_0;
    %parti/s 1, 5, 4;
    %flag_set/vec4 8;
    %jmp/0 T_1.12, 8;
    %pushi/vec4 1, 0, 3;
    %jmp/1 T_1.13, 8;
T_1.12 ; End of true expr.
    %pushi/vec4 0, 0, 3;
    %jmp/0 T_1.13, 8;
 ; End of false expr.
    %blend;
T_1.13;
    %store/vec4 v0x5be74ac1f590_0, 0, 3;
    %jmp T_1.11;
T_1.6 ;
    %pushi/vec4 2, 0, 3;
    %store/vec4 v0x5be74ac1f590_0, 0, 3;
    %jmp T_1.11;
T_1.7 ;
    %pushi/vec4 3, 0, 3;
    %store/vec4 v0x5be74ac1f590_0, 0, 3;
    %jmp T_1.11;
T_1.8 ;
    %pushi/vec4 4, 0, 3;
    %store/vec4 v0x5be74ac1f590_0, 0, 3;
    %jmp T_1.11;
T_1.9 ;
    %pushi/vec4 5, 0, 3;
    %store/vec4 v0x5be74ac1f590_0, 0, 3;
    %jmp T_1.11;
T_1.11 ;
    %pop/vec4 1;
    %jmp T_1.4;
T_1.4 ;
    %pop/vec4 1;
    %jmp T_1;
    .thread T_1, $push;
    .scope S_0x5be74abf1900;
T_2 ;
    %pushi/vec4 0, 0, 32;
    %store/vec4 v0x5be74ac1fb70_0, 0, 32;
    %pushi/vec4 0, 0, 32;
    %store/vec4 v0x5be74ac1faa0_0, 0, 32;
    %end;
    .thread T_2, $init;
    .scope S_0x5be74abf1900;
T_3 ;
    %vpi_call/w 3 50 "$display", "=== tb_alu_control: starting ===" {0 0 0};
    %pushi/vec4 0, 0, 2;
    %store/vec4 v0x5be74ac1f8f0_0, 0, 2;
    %pushi/vec4 7, 0, 3;
    %store/vec4 v0x5be74ac1fc50_0, 0, 3;
    %pushi/vec4 127, 0, 7;
    %store/vec4 v0x5be74ac1fd60_0, 0, 7;
    %delay 1000, 0;
    %pushi/vec4 0, 0, 3;
    %store/vec4 v0x5be74abb5670_0, 0, 3;
    %pushi/str "ALUOp=00 (LW/SW addr) -> ADD, ignores funct3/funct7";
    %store/str v0x5be74ac1ed10_0;
    %fork TD_tb_alu_control.check, S_0x5be74abb5490;
    %join;
    %pushi/vec4 0, 0, 2;
    %store/vec4 v0x5be74ac1f8f0_0, 0, 2;
    %pushi/vec4 0, 0, 3;
    %store/vec4 v0x5be74ac1fc50_0, 0, 3;
    %pushi/vec4 0, 0, 7;
    %store/vec4 v0x5be74ac1fd60_0, 0, 7;
    %delay 1000, 0;
    %pushi/vec4 0, 0, 3;
    %store/vec4 v0x5be74abb5670_0, 0, 3;
    %pushi/str "ALUOp=00 with funct3/funct7=0 -> ADD";
    %store/str v0x5be74ac1ed10_0;
    %fork TD_tb_alu_control.check, S_0x5be74abb5490;
    %join;
    %pushi/vec4 1, 0, 2;
    %store/vec4 v0x5be74ac1f8f0_0, 0, 2;
    %pushi/vec4 0, 0, 3;
    %store/vec4 v0x5be74ac1fc50_0, 0, 3;
    %pushi/vec4 0, 0, 7;
    %store/vec4 v0x5be74ac1fd60_0, 0, 7;
    %delay 1000, 0;
    %pushi/vec4 1, 0, 3;
    %store/vec4 v0x5be74abb5670_0, 0, 3;
    %pushi/str "ALUOp=01 funct3=000 (BEQ) -> SUB";
    %store/str v0x5be74ac1ed10_0;
    %fork TD_tb_alu_control.check, S_0x5be74abb5490;
    %join;
    %pushi/vec4 1, 0, 2;
    %store/vec4 v0x5be74ac1f8f0_0, 0, 2;
    %pushi/vec4 1, 0, 3;
    %store/vec4 v0x5be74ac1fc50_0, 0, 3;
    %pushi/vec4 127, 0, 7;
    %store/vec4 v0x5be74ac1fd60_0, 0, 7;
    %delay 1000, 0;
    %pushi/vec4 1, 0, 3;
    %store/vec4 v0x5be74abb5670_0, 0, 3;
    %pushi/str "ALUOp=01 funct3=001 (BNE) -> SUB, ignores funct7";
    %store/str v0x5be74ac1ed10_0;
    %fork TD_tb_alu_control.check, S_0x5be74abb5490;
    %join;
    %pushi/vec4 2, 0, 2;
    %store/vec4 v0x5be74ac1f8f0_0, 0, 2;
    %pushi/vec4 0, 0, 3;
    %store/vec4 v0x5be74ac1fc50_0, 0, 3;
    %pushi/vec4 0, 0, 7;
    %store/vec4 v0x5be74ac1fd60_0, 0, 7;
    %delay 1000, 0;
    %pushi/vec4 0, 0, 3;
    %store/vec4 v0x5be74abb5670_0, 0, 3;
    %pushi/str "ALUOp=10 funct3=000 funct7[5]=0 -> ADD";
    %store/str v0x5be74ac1ed10_0;
    %fork TD_tb_alu_control.check, S_0x5be74abb5490;
    %join;
    %pushi/vec4 2, 0, 2;
    %store/vec4 v0x5be74ac1f8f0_0, 0, 2;
    %pushi/vec4 0, 0, 3;
    %store/vec4 v0x5be74ac1fc50_0, 0, 3;
    %pushi/vec4 32, 0, 7;
    %store/vec4 v0x5be74ac1fd60_0, 0, 7;
    %delay 1000, 0;
    %pushi/vec4 1, 0, 3;
    %store/vec4 v0x5be74abb5670_0, 0, 3;
    %pushi/str "ALUOp=10 funct3=000 funct7[5]=1 -> SUB";
    %store/str v0x5be74ac1ed10_0;
    %fork TD_tb_alu_control.check, S_0x5be74abb5490;
    %join;
    %pushi/vec4 2, 0, 2;
    %store/vec4 v0x5be74ac1f8f0_0, 0, 2;
    %pushi/vec4 0, 0, 3;
    %store/vec4 v0x5be74ac1fc50_0, 0, 3;
    %pushi/vec4 27, 0, 7;
    %store/vec4 v0x5be74ac1fd60_0, 0, 7;
    %delay 1000, 0;
    %pushi/vec4 0, 0, 3;
    %store/vec4 v0x5be74abb5670_0, 0, 3;
    %pushi/str "ALUOp=10 funct3=000 funct7[5]=0 (other bits set) -> ADD";
    %store/str v0x5be74ac1ed10_0;
    %fork TD_tb_alu_control.check, S_0x5be74abb5490;
    %join;
    %pushi/vec4 2, 0, 2;
    %store/vec4 v0x5be74ac1f8f0_0, 0, 2;
    %pushi/vec4 7, 0, 3;
    %store/vec4 v0x5be74ac1fc50_0, 0, 3;
    %pushi/vec4 0, 0, 7;
    %store/vec4 v0x5be74ac1fd60_0, 0, 7;
    %delay 1000, 0;
    %pushi/vec4 2, 0, 3;
    %store/vec4 v0x5be74abb5670_0, 0, 3;
    %pushi/str "ALUOp=10 funct3=111 -> AND";
    %store/str v0x5be74ac1ed10_0;
    %fork TD_tb_alu_control.check, S_0x5be74abb5490;
    %join;
    %pushi/vec4 2, 0, 2;
    %store/vec4 v0x5be74ac1f8f0_0, 0, 2;
    %pushi/vec4 6, 0, 3;
    %store/vec4 v0x5be74ac1fc50_0, 0, 3;
    %pushi/vec4 0, 0, 7;
    %store/vec4 v0x5be74ac1fd60_0, 0, 7;
    %delay 1000, 0;
    %pushi/vec4 3, 0, 3;
    %store/vec4 v0x5be74abb5670_0, 0, 3;
    %pushi/str "ALUOp=10 funct3=110 -> OR";
    %store/str v0x5be74ac1ed10_0;
    %fork TD_tb_alu_control.check, S_0x5be74abb5490;
    %join;
    %pushi/vec4 2, 0, 2;
    %store/vec4 v0x5be74ac1f8f0_0, 0, 2;
    %pushi/vec4 4, 0, 3;
    %store/vec4 v0x5be74ac1fc50_0, 0, 3;
    %pushi/vec4 0, 0, 7;
    %store/vec4 v0x5be74ac1fd60_0, 0, 7;
    %delay 1000, 0;
    %pushi/vec4 4, 0, 3;
    %store/vec4 v0x5be74abb5670_0, 0, 3;
    %pushi/str "ALUOp=10 funct3=100 -> XOR";
    %store/str v0x5be74ac1ed10_0;
    %fork TD_tb_alu_control.check, S_0x5be74abb5490;
    %join;
    %pushi/vec4 2, 0, 2;
    %store/vec4 v0x5be74ac1f8f0_0, 0, 2;
    %pushi/vec4 2, 0, 3;
    %store/vec4 v0x5be74ac1fc50_0, 0, 3;
    %pushi/vec4 0, 0, 7;
    %store/vec4 v0x5be74ac1fd60_0, 0, 7;
    %delay 1000, 0;
    %pushi/vec4 5, 0, 3;
    %store/vec4 v0x5be74abb5670_0, 0, 3;
    %pushi/str "ALUOp=10 funct3=010 -> SLT";
    %store/str v0x5be74ac1ed10_0;
    %fork TD_tb_alu_control.check, S_0x5be74abb5490;
    %join;
    %pushi/vec4 2, 0, 2;
    %store/vec4 v0x5be74ac1f8f0_0, 0, 2;
    %pushi/vec4 3, 0, 3;
    %store/vec4 v0x5be74ac1fc50_0, 0, 3;
    %pushi/vec4 0, 0, 7;
    %store/vec4 v0x5be74ac1fd60_0, 0, 7;
    %delay 1000, 0;
    %pushi/vec4 0, 0, 3;
    %store/vec4 v0x5be74abb5670_0, 0, 3;
    %pushi/str "ALUOp=10 funct3=011 (SLTU, unimplemented) -> default ADD";
    %store/str v0x5be74ac1ed10_0;
    %fork TD_tb_alu_control.check, S_0x5be74abb5490;
    %join;
    %pushi/vec4 2, 0, 2;
    %store/vec4 v0x5be74ac1f8f0_0, 0, 2;
    %pushi/vec4 1, 0, 3;
    %store/vec4 v0x5be74ac1fc50_0, 0, 3;
    %pushi/vec4 0, 0, 7;
    %store/vec4 v0x5be74ac1fd60_0, 0, 7;
    %delay 1000, 0;
    %pushi/vec4 0, 0, 3;
    %store/vec4 v0x5be74abb5670_0, 0, 3;
    %pushi/str "ALUOp=10 funct3=001 (SLL, unimplemented) -> default ADD";
    %store/str v0x5be74ac1ed10_0;
    %fork TD_tb_alu_control.check, S_0x5be74abb5490;
    %join;
    %pushi/vec4 2, 0, 2;
    %store/vec4 v0x5be74ac1f8f0_0, 0, 2;
    %pushi/vec4 5, 0, 3;
    %store/vec4 v0x5be74ac1fc50_0, 0, 3;
    %pushi/vec4 0, 0, 7;
    %store/vec4 v0x5be74ac1fd60_0, 0, 7;
    %delay 1000, 0;
    %pushi/vec4 0, 0, 3;
    %store/vec4 v0x5be74abb5670_0, 0, 3;
    %pushi/str "ALUOp=10 funct3=101 (SRL/SRA, unimplemented) -> default ADD";
    %store/str v0x5be74ac1ed10_0;
    %fork TD_tb_alu_control.check, S_0x5be74abb5490;
    %join;
    %pushi/vec4 3, 0, 2;
    %store/vec4 v0x5be74ac1f8f0_0, 0, 2;
    %pushi/vec4 7, 0, 3;
    %store/vec4 v0x5be74ac1fc50_0, 0, 3;
    %pushi/vec4 127, 0, 7;
    %store/vec4 v0x5be74ac1fd60_0, 0, 7;
    %delay 1000, 0;
    %pushi/vec4 0, 0, 3;
    %store/vec4 v0x5be74abb5670_0, 0, 3;
    %pushi/str "ALUOp=11 (unused encoding) -> default ADD";
    %store/str v0x5be74ac1ed10_0;
    %fork TD_tb_alu_control.check, S_0x5be74abb5490;
    %join;
    %vpi_call/w 3 113 "$display", "=== tb_alu_control: %0d checks, %0d errors ===", v0x5be74ac1faa0_0, v0x5be74ac1fb70_0 {0 0 0};
    %load/vec4 v0x5be74ac1fb70_0;
    %cmpi/e 0, 0, 32;
    %jmp/0xz  T_3.0, 4;
    %vpi_call/w 3 114 "$display", "*** TB_ALU_CONTROL: ALL TESTS PASSED ***" {0 0 0};
    %jmp T_3.1;
T_3.0 ;
    %vpi_call/w 3 115 "$display", "*** TB_ALU_CONTROL: %0d TEST(S) FAILED ***", v0x5be74ac1fb70_0 {0 0 0};
T_3.1 ;
    %vpi_call/w 3 116 "$finish" {0 0 0};
    %end;
    .thread T_3;
# The file index is used to find the file name in the following table.
:file_names 5;
    "N/A";
    "<interactive>";
    "-";
    "tb/tb_alu_control.v";
    "alu_control.v";
