#! /usr/bin/vvp
:ivl_version "12.0 (stable)";
:ivl_delay_selection "TYPICAL";
:vpi_time_precision - 12;
:vpi_module "/usr/lib/x86_64-linux-gnu/ivl/system.vpi";
:vpi_module "/usr/lib/x86_64-linux-gnu/ivl/vhdl_sys.vpi";
:vpi_module "/usr/lib/x86_64-linux-gnu/ivl/vhdl_textio.vpi";
:vpi_module "/usr/lib/x86_64-linux-gnu/ivl/v2005_math.vpi";
:vpi_module "/usr/lib/x86_64-linux-gnu/ivl/va_math.vpi";
:vpi_module "/usr/lib/x86_64-linux-gnu/ivl/v2009.vpi";
S_0x5eb415ff7750 .scope package, "$unit" "$unit" 2 1;
 .timescale 0 0;
S_0x5eb4160040d0 .scope module, "tb_alu_src_mux" "tb_alu_src_mux" 3 6;
 .timescale -9 -12;
v0x5eb416021ab0_0 .var "ALUSrc", 0 0;
v0x5eb416021b70_0 .net "alu_b", 31 0, L_0x5eb416021fd0;  1 drivers
v0x5eb416021c40_0 .var/i "checks", 31 0;
v0x5eb416021d10_0 .var/i "errors", 31 0;
v0x5eb416021df0_0 .var "imm", 31 0;
v0x5eb416021f00_0 .var "rdata2", 31 0;
S_0x5eb416004260 .scope task, "check" "check" 3 22, 3 22 0, S_0x5eb4160040d0;
 .timescale -9 -12;
v0x5eb416004440_0 .var "exp", 31 0;
v0x5eb416021390_0 .var/str "name";
TD_tb_alu_src_mux.check ;
    %load/vec4 v0x5eb416021c40_0;
    %addi 1, 0, 32;
    %store/vec4 v0x5eb416021c40_0, 0, 32;
    %load/vec4 v0x5eb416021b70_0;
    %load/vec4 v0x5eb416004440_0;
    %cmp/ne;
    %jmp/0xz  T_0.0, 6;
    %load/vec4 v0x5eb416021d10_0;
    %addi 1, 0, 32;
    %store/vec4 v0x5eb416021d10_0, 0, 32;
    %vpi_call/w 3 27 "$display", "FAIL [%0d] %0s: rdata2=%h imm=%h ALUSrc=%b -> alu_b=%h (expected %h)", v0x5eb416021c40_0, v0x5eb416021390_0, v0x5eb416021f00_0, v0x5eb416021df0_0, v0x5eb416021ab0_0, v0x5eb416021b70_0, v0x5eb416004440_0 {0 0 0};
    %jmp T_0.1;
T_0.0 ;
    %vpi_call/w 3 31 "$display", "PASS [%0d] %0s: rdata2=%h imm=%h ALUSrc=%b -> alu_b=%h", v0x5eb416021c40_0, v0x5eb416021390_0, v0x5eb416021f00_0, v0x5eb416021df0_0, v0x5eb416021ab0_0, v0x5eb416021b70_0 {0 0 0};
T_0.1 ;
    %end;
S_0x5eb416021450 .scope module, "dut" "alu_src_mux" 3 15, 4 1 0, S_0x5eb4160040d0;
 .timescale 0 0;
    .port_info 0 /INPUT 32 "rdata2";
    .port_info 1 /INPUT 32 "imm";
    .port_info 2 /INPUT 1 "ALUSrc";
    .port_info 3 /OUTPUT 32 "alu_b";
v0x5eb4160216c0_0 .net "ALUSrc", 0 0, v0x5eb416021ab0_0;  1 drivers
v0x5eb416021780_0 .net "alu_b", 31 0, L_0x5eb416021fd0;  alias, 1 drivers
v0x5eb416021860_0 .net "imm", 31 0, v0x5eb416021df0_0;  1 drivers
v0x5eb416021920_0 .net "rdata2", 31 0, v0x5eb416021f00_0;  1 drivers
L_0x5eb416021fd0 .functor MUXZ 32, v0x5eb416021f00_0, v0x5eb416021df0_0, v0x5eb416021ab0_0, C4<>;
    .scope S_0x5eb4160040d0;
T_1 ;
    %pushi/vec4 0, 0, 32;
    %store/vec4 v0x5eb416021d10_0, 0, 32;
    %pushi/vec4 0, 0, 32;
    %store/vec4 v0x5eb416021c40_0, 0, 32;
    %end;
    .thread T_1, $init;
    .scope S_0x5eb4160040d0;
T_2 ;
    %vpi_call/w 3 38 "$display", "=== tb_alu_src_mux: starting ===" {0 0 0};
    %pushi/vec4 2863311530, 0, 32;
    %store/vec4 v0x5eb416021f00_0, 0, 32;
    %pushi/vec4 1431655765, 0, 32;
    %store/vec4 v0x5eb416021df0_0, 0, 32;
    %pushi/vec4 0, 0, 1;
    %store/vec4 v0x5eb416021ab0_0, 0, 1;
    %delay 1000, 0;
    %pushi/vec4 2863311530, 0, 32;
    %store/vec4 v0x5eb416004440_0, 0, 32;
    %pushi/str "ALUSrc=0 selects rdata2 (R-type)";
    %store/str v0x5eb416021390_0;
    %fork TD_tb_alu_src_mux.check, S_0x5eb416004260;
    %join;
    %pushi/vec4 2863311530, 0, 32;
    %store/vec4 v0x5eb416021f00_0, 0, 32;
    %pushi/vec4 1431655765, 0, 32;
    %store/vec4 v0x5eb416021df0_0, 0, 32;
    %pushi/vec4 1, 0, 1;
    %store/vec4 v0x5eb416021ab0_0, 0, 1;
    %delay 1000, 0;
    %pushi/vec4 1431655765, 0, 32;
    %store/vec4 v0x5eb416004440_0, 0, 32;
    %pushi/str "ALUSrc=1 selects imm (I-type/LW/SW)";
    %store/str v0x5eb416021390_0;
    %fork TD_tb_alu_src_mux.check, S_0x5eb416004260;
    %join;
    %pushi/vec4 0, 0, 32;
    %store/vec4 v0x5eb416021f00_0, 0, 32;
    %pushi/vec4 4294967295, 0, 32;
    %store/vec4 v0x5eb416021df0_0, 0, 32;
    %pushi/vec4 1, 0, 1;
    %store/vec4 v0x5eb416021ab0_0, 0, 1;
    %delay 1000, 0;
    %pushi/vec4 4294967295, 0, 32;
    %store/vec4 v0x5eb416004440_0, 0, 32;
    %pushi/str "ALUSrc=1 passes through negative imm unchanged";
    %store/str v0x5eb416021390_0;
    %fork TD_tb_alu_src_mux.check, S_0x5eb416004260;
    %join;
    %pushi/vec4 4294967295, 0, 32;
    %store/vec4 v0x5eb416021f00_0, 0, 32;
    %pushi/vec4 0, 0, 32;
    %store/vec4 v0x5eb416021df0_0, 0, 32;
    %pushi/vec4 0, 0, 1;
    %store/vec4 v0x5eb416021ab0_0, 0, 1;
    %delay 1000, 0;
    %pushi/vec4 4294967295, 0, 32;
    %store/vec4 v0x5eb416004440_0, 0, 32;
    %pushi/str "ALUSrc=0 passes through rdata2 unchanged";
    %store/str v0x5eb416021390_0;
    %fork TD_tb_alu_src_mux.check, S_0x5eb416004260;
    %join;
    %vpi_call/w 3 52 "$display", "=== tb_alu_src_mux: %0d checks, %0d errors ===", v0x5eb416021c40_0, v0x5eb416021d10_0 {0 0 0};
    %load/vec4 v0x5eb416021d10_0;
    %cmpi/e 0, 0, 32;
    %jmp/0xz  T_2.0, 4;
    %vpi_call/w 3 53 "$display", "*** TB_ALU_SRC_MUX: ALL TESTS PASSED ***" {0 0 0};
    %jmp T_2.1;
T_2.0 ;
    %vpi_call/w 3 54 "$display", "*** TB_ALU_SRC_MUX: %0d TEST(S) FAILED ***", v0x5eb416021d10_0 {0 0 0};
T_2.1 ;
    %vpi_call/w 3 55 "$finish" {0 0 0};
    %end;
    .thread T_2;
# The file index is used to find the file name in the following table.
:file_names 5;
    "N/A";
    "<interactive>";
    "-";
    "tb/tb_alu_src_mux.v";
    "alu_src_mux.v";
