#! /usr/bin/vvp
:ivl_version "12.0 (stable)";
:ivl_delay_selection "TYPICAL";
:vpi_time_precision - 12;
:vpi_module "/usr/lib/x86_64-linux-gnu/ivl/system.vpi";
:vpi_module "/usr/lib/x86_64-linux-gnu/ivl/vhdl_sys.vpi";
:vpi_module "/usr/lib/x86_64-linux-gnu/ivl/vhdl_textio.vpi";
:vpi_module "/usr/lib/x86_64-linux-gnu/ivl/v2005_math.vpi";
:vpi_module "/usr/lib/x86_64-linux-gnu/ivl/va_math.vpi";
:vpi_module "/usr/lib/x86_64-linux-gnu/ivl/v2009.vpi";
S_0x5e792b149be0 .scope package, "$unit" "$unit" 2 1;
 .timescale 0 0;
S_0x5e792b149d70 .scope module, "tb_control_unit" "tb_control_unit" 3 9;
 .timescale -9 -12;
v0x5e792b17e9a0_0 .net "ALUOp", 1 0, v0x5e792b17df40_0;  1 drivers
v0x5e792b17ea80_0 .net "ALUSrc", 0 0, v0x5e792b17e040_0;  1 drivers
v0x5e792b17eb50_0 .net "Branch", 0 0, v0x5e792b17e100_0;  1 drivers
v0x5e792b17ec50_0 .net "Jump", 0 0, v0x5e792b17e1a0_0;  1 drivers
v0x5e792b17ed20_0 .net "JumpType", 0 0, v0x5e792b17e260_0;  1 drivers
v0x5e792b17edc0_0 .net "MemRead", 0 0, v0x5e792b17e370_0;  1 drivers
v0x5e792b17ee90_0 .net "MemWrite", 0 0, v0x5e792b17e430_0;  1 drivers
v0x5e792b17ef60_0 .net "MemtoReg", 1 0, v0x5e792b17e4f0_0;  1 drivers
v0x5e792b17f030_0 .net "RegWrite", 0 0, v0x5e792b17e5d0_0;  1 drivers
v0x5e792b17f190_0 .var/i "checks", 31 0;
v0x5e792b17f230_0 .var/i "errors", 31 0;
v0x5e792b17f2d0_0 .var "opcode", 6 0;
S_0x5e792b105490 .scope task, "check" "check" 3 31, 3 31 0, S_0x5e792b149d70;
 .timescale -9 -12;
v0x5e792b105670_0 .var "exp_ALUOp", 1 0;
v0x5e792b17d4a0_0 .var "exp_ALUSrc", 0 0;
v0x5e792b17d560_0 .var "exp_Branch", 0 0;
v0x5e792b17d600_0 .var "exp_Jump", 0 0;
v0x5e792b17d6c0_0 .var "exp_JumpType", 0 0;
v0x5e792b17d7d0_0 .var "exp_MemRead", 0 0;
v0x5e792b17d890_0 .var "exp_MemWrite", 0 0;
v0x5e792b17d950_0 .var "exp_MemtoReg", 1 0;
v0x5e792b17da30_0 .var "exp_RegWrite", 0 0;
v0x5e792b17daf0_0 .var/str "name";
v0x5e792b17dbb0_0 .var "pass", 0 0;
TD_tb_control_unit.check ;
    %load/vec4 v0x5e792b17f190_0;
    %addi 1, 0, 32;
    %store/vec4 v0x5e792b17f190_0, 0, 32;
    %load/vec4 v0x5e792b17f030_0;
    %load/vec4 v0x5e792b17da30_0;
    %cmp/e;
    %flag_get/vec4 6;
    %jmp/0 T_0.7, 6;
    %load/vec4 v0x5e792b17ea80_0;
    %load/vec4 v0x5e792b17d4a0_0;
    %cmp/e;
    %flag_get/vec4 6;
    %and;
T_0.7;
    %flag_set/vec4 14;
    %flag_get/vec4 14;
    %jmp/0 T_0.6, 14;
    %load/vec4 v0x5e792b17edc0_0;
    %load/vec4 v0x5e792b17d7d0_0;
    %cmp/e;
    %flag_get/vec4 6;
    %and;
T_0.6;
    %flag_set/vec4 13;
    %flag_get/vec4 13;
    %jmp/0 T_0.5, 13;
    %load/vec4 v0x5e792b17ee90_0;
    %load/vec4 v0x5e792b17d890_0;
    %cmp/e;
    %flag_get/vec4 6;
    %and;
T_0.5;
    %flag_set/vec4 12;
    %flag_get/vec4 12;
    %jmp/0 T_0.4, 12;
    %load/vec4 v0x5e792b17eb50_0;
    %load/vec4 v0x5e792b17d560_0;
    %cmp/e;
    %flag_get/vec4 6;
    %and;
T_0.4;
    %flag_set/vec4 11;
    %flag_get/vec4 11;
    %jmp/0 T_0.3, 11;
    %load/vec4 v0x5e792b17ec50_0;
    %load/vec4 v0x5e792b17d600_0;
    %cmp/e;
    %flag_get/vec4 6;
    %and;
T_0.3;
    %flag_set/vec4 10;
    %flag_get/vec4 10;
    %jmp/0 T_0.2, 10;
    %load/vec4 v0x5e792b17ed20_0;
    %load/vec4 v0x5e792b17d6c0_0;
    %cmp/e;
    %flag_get/vec4 6;
    %and;
T_0.2;
    %flag_set/vec4 9;
    %flag_get/vec4 9;
    %jmp/0 T_0.1, 9;
    %load/vec4 v0x5e792b17ef60_0;
    %load/vec4 v0x5e792b17d950_0;
    %cmp/e;
    %flag_get/vec4 6;
    %and;
T_0.1;
    %flag_set/vec4 8;
    %flag_get/vec4 8;
    %jmp/0 T_0.0, 8;
    %load/vec4 v0x5e792b17e9a0_0;
    %load/vec4 v0x5e792b105670_0;
    %cmp/e;
    %flag_get/vec4 6;
    %and;
T_0.0;
    %store/vec4 v0x5e792b17dbb0_0, 0, 1;
    %load/vec4 v0x5e792b17dbb0_0;
    %nor/r;
    %flag_set/vec4 8;
    %jmp/0xz  T_0.8, 8;
    %load/vec4 v0x5e792b17f230_0;
    %addi 1, 0, 32;
    %store/vec4 v0x5e792b17f230_0, 0, 32;
    %vpi_call/w 3 46 "$display", "FAIL [%0d] %0s: opcode=%b", v0x5e792b17f190_0, v0x5e792b17daf0_0, v0x5e792b17f2d0_0 {0 0 0};
    %vpi_call/w 3 47 "$display", "       got     : RegWrite=%b ALUSrc=%b MemRead=%b MemWrite=%b Branch=%b Jump=%b JumpType=%b MemtoReg=%b ALUOp=%b", v0x5e792b17f030_0, v0x5e792b17ea80_0, v0x5e792b17edc0_0, v0x5e792b17ee90_0, v0x5e792b17eb50_0, v0x5e792b17ec50_0, v0x5e792b17ed20_0, v0x5e792b17ef60_0, v0x5e792b17e9a0_0 {0 0 0};
    %vpi_call/w 3 49 "$display", "       expected: RegWrite=%b ALUSrc=%b MemRead=%b MemWrite=%b Branch=%b Jump=%b JumpType=%b MemtoReg=%b ALUOp=%b", v0x5e792b17da30_0, v0x5e792b17d4a0_0, v0x5e792b17d7d0_0, v0x5e792b17d890_0, v0x5e792b17d560_0, v0x5e792b17d600_0, v0x5e792b17d6c0_0, v0x5e792b17d950_0, v0x5e792b105670_0 {0 0 0};
    %jmp T_0.9;
T_0.8 ;
    %vpi_call/w 3 53 "$display", "PASS [%0d] %0s: opcode=%b -> RegWrite=%b ALUSrc=%b MemRead=%b MemWrite=%b Branch=%b Jump=%b JumpType=%b MemtoReg=%b ALUOp=%b", v0x5e792b17f190_0, v0x5e792b17daf0_0, v0x5e792b17f2d0_0, v0x5e792b17f030_0, v0x5e792b17ea80_0, v0x5e792b17edc0_0, v0x5e792b17ee90_0, v0x5e792b17eb50_0, v0x5e792b17ec50_0, v0x5e792b17ed20_0, v0x5e792b17ef60_0, v0x5e792b17e9a0_0 {0 0 0};
T_0.9 ;
    %end;
S_0x5e792b17dc70 .scope module, "dut" "control_unit" 3 18, 4 1 0, S_0x5e792b149d70;
 .timescale 0 0;
    .port_info 0 /INPUT 7 "opcode";
    .port_info 1 /OUTPUT 1 "RegWrite";
    .port_info 2 /OUTPUT 1 "ALUSrc";
    .port_info 3 /OUTPUT 1 "MemRead";
    .port_info 4 /OUTPUT 1 "MemWrite";
    .port_info 5 /OUTPUT 1 "Branch";
    .port_info 6 /OUTPUT 1 "Jump";
    .port_info 7 /OUTPUT 1 "JumpType";
    .port_info 8 /OUTPUT 2 "MemtoReg";
    .port_info 9 /OUTPUT 2 "ALUOp";
v0x5e792b17df40_0 .var "ALUOp", 1 0;
v0x5e792b17e040_0 .var "ALUSrc", 0 0;
v0x5e792b17e100_0 .var "Branch", 0 0;
v0x5e792b17e1a0_0 .var "Jump", 0 0;
v0x5e792b17e260_0 .var "JumpType", 0 0;
v0x5e792b17e370_0 .var "MemRead", 0 0;
v0x5e792b17e430_0 .var "MemWrite", 0 0;
v0x5e792b17e4f0_0 .var "MemtoReg", 1 0;
v0x5e792b17e5d0_0 .var "RegWrite", 0 0;
v0x5e792b17e720_0 .net "opcode", 6 0, v0x5e792b17f2d0_0;  1 drivers
E_0x5e792b13f8f0 .event anyedge, v0x5e792b17e720_0;
    .scope S_0x5e792b17dc70;
T_1 ;
    %wait E_0x5e792b13f8f0;
    %load/vec4 v0x5e792b17e720_0;
    %dup/vec4;
    %pushi/vec4 51, 0, 7;
    %cmp/u;
    %jmp/1 T_1.0, 6;
    %dup/vec4;
    %pushi/vec4 19, 0, 7;
    %cmp/u;
    %jmp/1 T_1.1, 6;
    %dup/vec4;
    %pushi/vec4 3, 0, 7;
    %cmp/u;
    %jmp/1 T_1.2, 6;
    %dup/vec4;
    %pushi/vec4 35, 0, 7;
    %cmp/u;
    %jmp/1 T_1.3, 6;
    %dup/vec4;
    %pushi/vec4 99, 0, 7;
    %cmp/u;
    %jmp/1 T_1.4, 6;
    %dup/vec4;
    %pushi/vec4 111, 0, 7;
    %cmp/u;
    %jmp/1 T_1.5, 6;
    %dup/vec4;
    %pushi/vec4 103, 0, 7;
    %cmp/u;
    %jmp/1 T_1.6, 6;
    %pushi/vec4 0, 0, 1;
    %store/vec4 v0x5e792b17e5d0_0, 0, 1;
    %pushi/vec4 0, 0, 1;
    %store/vec4 v0x5e792b17e040_0, 0, 1;
    %pushi/vec4 0, 0, 1;
    %store/vec4 v0x5e792b17e370_0, 0, 1;
    %pushi/vec4 0, 0, 1;
    %store/vec4 v0x5e792b17e430_0, 0, 1;
    %pushi/vec4 0, 0, 2;
    %store/vec4 v0x5e792b17e4f0_0, 0, 2;
    %pushi/vec4 0, 0, 1;
    %store/vec4 v0x5e792b17e100_0, 0, 1;
    %pushi/vec4 0, 0, 1;
    %store/vec4 v0x5e792b17e1a0_0, 0, 1;
    %pushi/vec4 0, 0, 1;
    %store/vec4 v0x5e792b17e260_0, 0, 1;
    %pushi/vec4 0, 0, 2;
    %store/vec4 v0x5e792b17df40_0, 0, 2;
    %jmp T_1.8;
T_1.0 ;
    %pushi/vec4 1, 0, 1;
    %store/vec4 v0x5e792b17e5d0_0, 0, 1;
    %pushi/vec4 0, 0, 1;
    %store/vec4 v0x5e792b17e040_0, 0, 1;
    %pushi/vec4 0, 0, 1;
    %store/vec4 v0x5e792b17e370_0, 0, 1;
    %pushi/vec4 0, 0, 1;
    %store/vec4 v0x5e792b17e430_0, 0, 1;
    %pushi/vec4 0, 0, 2;
    %store/vec4 v0x5e792b17e4f0_0, 0, 2;
    %pushi/vec4 0, 0, 1;
    %store/vec4 v0x5e792b17e100_0, 0, 1;
    %pushi/vec4 0, 0, 1;
    %store/vec4 v0x5e792b17e1a0_0, 0, 1;
    %pushi/vec4 0, 0, 1;
    %store/vec4 v0x5e792b17e260_0, 0, 1;
    %pushi/vec4 2, 0, 2;
    %store/vec4 v0x5e792b17df40_0, 0, 2;
    %jmp T_1.8;
T_1.1 ;
    %pushi/vec4 1, 0, 1;
    %store/vec4 v0x5e792b17e5d0_0, 0, 1;
    %pushi/vec4 1, 0, 1;
    %store/vec4 v0x5e792b17e040_0, 0, 1;
    %pushi/vec4 0, 0, 1;
    %store/vec4 v0x5e792b17e370_0, 0, 1;
    %pushi/vec4 0, 0, 1;
    %store/vec4 v0x5e792b17e430_0, 0, 1;
    %pushi/vec4 0, 0, 2;
    %store/vec4 v0x5e792b17e4f0_0, 0, 2;
    %pushi/vec4 0, 0, 1;
    %store/vec4 v0x5e792b17e100_0, 0, 1;
    %pushi/vec4 0, 0, 1;
    %store/vec4 v0x5e792b17e1a0_0, 0, 1;
    %pushi/vec4 0, 0, 1;
    %store/vec4 v0x5e792b17e260_0, 0, 1;
    %pushi/vec4 2, 0, 2;
    %store/vec4 v0x5e792b17df40_0, 0, 2;
    %jmp T_1.8;
T_1.2 ;
    %pushi/vec4 1, 0, 1;
    %store/vec4 v0x5e792b17e5d0_0, 0, 1;
    %pushi/vec4 1, 0, 1;
    %store/vec4 v0x5e792b17e040_0, 0, 1;
    %pushi/vec4 1, 0, 1;
    %store/vec4 v0x5e792b17e370_0, 0, 1;
    %pushi/vec4 0, 0, 1;
    %store/vec4 v0x5e792b17e430_0, 0, 1;
    %pushi/vec4 1, 0, 2;
    %store/vec4 v0x5e792b17e4f0_0, 0, 2;
    %pushi/vec4 0, 0, 1;
    %store/vec4 v0x5e792b17e100_0, 0, 1;
    %pushi/vec4 0, 0, 1;
    %store/vec4 v0x5e792b17e1a0_0, 0, 1;
    %pushi/vec4 0, 0, 1;
    %store/vec4 v0x5e792b17e260_0, 0, 1;
    %pushi/vec4 0, 0, 2;
    %store/vec4 v0x5e792b17df40_0, 0, 2;
    %jmp T_1.8;
T_1.3 ;
    %pushi/vec4 0, 0, 1;
    %store/vec4 v0x5e792b17e5d0_0, 0, 1;
    %pushi/vec4 1, 0, 1;
    %store/vec4 v0x5e792b17e040_0, 0, 1;
    %pushi/vec4 0, 0, 1;
    %store/vec4 v0x5e792b17e370_0, 0, 1;
    %pushi/vec4 1, 0, 1;
    %store/vec4 v0x5e792b17e430_0, 0, 1;
    %pushi/vec4 0, 0, 2;
    %store/vec4 v0x5e792b17e4f0_0, 0, 2;
    %pushi/vec4 0, 0, 1;
    %store/vec4 v0x5e792b17e100_0, 0, 1;
    %pushi/vec4 0, 0, 1;
    %store/vec4 v0x5e792b17e1a0_0, 0, 1;
    %pushi/vec4 0, 0, 1;
    %store/vec4 v0x5e792b17e260_0, 0, 1;
    %pushi/vec4 0, 0, 2;
    %store/vec4 v0x5e792b17df40_0, 0, 2;
    %jmp T_1.8;
T_1.4 ;
    %pushi/vec4 0, 0, 1;
    %store/vec4 v0x5e792b17e5d0_0, 0, 1;
    %pushi/vec4 0, 0, 1;
    %store/vec4 v0x5e792b17e040_0, 0, 1;
    %pushi/vec4 0, 0, 1;
    %store/vec4 v0x5e792b17e370_0, 0, 1;
    %pushi/vec4 0, 0, 1;
    %store/vec4 v0x5e792b17e430_0, 0, 1;
    %pushi/vec4 0, 0, 2;
    %store/vec4 v0x5e792b17e4f0_0, 0, 2;
    %pushi/vec4 1, 0, 1;
    %store/vec4 v0x5e792b17e100_0, 0, 1;
    %pushi/vec4 0, 0, 1;
    %store/vec4 v0x5e792b17e1a0_0, 0, 1;
    %pushi/vec4 0, 0, 1;
    %store/vec4 v0x5e792b17e260_0, 0, 1;
    %pushi/vec4 1, 0, 2;
    %store/vec4 v0x5e792b17df40_0, 0, 2;
    %jmp T_1.8;
T_1.5 ;
    %pushi/vec4 1, 0, 1;
    %store/vec4 v0x5e792b17e5d0_0, 0, 1;
    %pushi/vec4 0, 0, 1;
    %store/vec4 v0x5e792b17e040_0, 0, 1;
    %pushi/vec4 0, 0, 1;
    %store/vec4 v0x5e792b17e370_0, 0, 1;
    %pushi/vec4 0, 0, 1;
    %store/vec4 v0x5e792b17e430_0, 0, 1;
    %pushi/vec4 2, 0, 2;
    %store/vec4 v0x5e792b17e4f0_0, 0, 2;
    %pushi/vec4 0, 0, 1;
    %store/vec4 v0x5e792b17e100_0, 0, 1;
    %pushi/vec4 1, 0, 1;
    %store/vec4 v0x5e792b17e1a0_0, 0, 1;
    %pushi/vec4 0, 0, 1;
    %store/vec4 v0x5e792b17e260_0, 0, 1;
    %pushi/vec4 0, 0, 2;
    %store/vec4 v0x5e792b17df40_0, 0, 2;
    %jmp T_1.8;
T_1.6 ;
    %pushi/vec4 1, 0, 1;
    %store/vec4 v0x5e792b17e5d0_0, 0, 1;
    %pushi/vec4 1, 0, 1;
    %store/vec4 v0x5e792b17e040_0, 0, 1;
    %pushi/vec4 0, 0, 1;
    %store/vec4 v0x5e792b17e370_0, 0, 1;
    %pushi/vec4 0, 0, 1;
    %store/vec4 v0x5e792b17e430_0, 0, 1;
    %pushi/vec4 2, 0, 2;
    %store/vec4 v0x5e792b17e4f0_0, 0, 2;
    %pushi/vec4 0, 0, 1;
    %store/vec4 v0x5e792b17e100_0, 0, 1;
    %pushi/vec4 1, 0, 1;
    %store/vec4 v0x5e792b17e1a0_0, 0, 1;
    %pushi/vec4 1, 0, 1;
    %store/vec4 v0x5e792b17e260_0, 0, 1;
    %pushi/vec4 0, 0, 2;
    %store/vec4 v0x5e792b17df40_0, 0, 2;
    %jmp T_1.8;
T_1.8 ;
    %pop/vec4 1;
    %jmp T_1;
    .thread T_1, $push;
    .scope S_0x5e792b149d70;
T_2 ;
    %pushi/vec4 0, 0, 32;
    %store/vec4 v0x5e792b17f230_0, 0, 32;
    %pushi/vec4 0, 0, 32;
    %store/vec4 v0x5e792b17f190_0, 0, 32;
    %end;
    .thread T_2, $init;
    .scope S_0x5e792b149d70;
T_3 ;
    %vpi_call/w 3 60 "$display", "=== tb_control_unit: starting ===" {0 0 0};
    %pushi/vec4 51, 0, 7;
    %store/vec4 v0x5e792b17f2d0_0, 0, 7;
    %delay 1000, 0;
    %pushi/vec4 1, 0, 1;
    %store/vec4 v0x5e792b17da30_0, 0, 1;
    %pushi/vec4 0, 0, 1;
    %store/vec4 v0x5e792b17d4a0_0, 0, 1;
    %pushi/vec4 0, 0, 1;
    %store/vec4 v0x5e792b17d7d0_0, 0, 1;
    %pushi/vec4 0, 0, 1;
    %store/vec4 v0x5e792b17d890_0, 0, 1;
    %pushi/vec4 0, 0, 1;
    %store/vec4 v0x5e792b17d560_0, 0, 1;
    %pushi/vec4 0, 0, 1;
    %store/vec4 v0x5e792b17d600_0, 0, 1;
    %pushi/vec4 0, 0, 1;
    %store/vec4 v0x5e792b17d6c0_0, 0, 1;
    %pushi/vec4 0, 0, 2;
    %store/vec4 v0x5e792b17d950_0, 0, 2;
    %pushi/vec4 2, 0, 2;
    %store/vec4 v0x5e792b105670_0, 0, 2;
    %pushi/str "R-type (ADD/SUB/AND/OR/XOR/SLT)";
    %store/str v0x5e792b17daf0_0;
    %fork TD_tb_control_unit.check, S_0x5e792b105490;
    %join;
    %pushi/vec4 19, 0, 7;
    %store/vec4 v0x5e792b17f2d0_0, 0, 7;
    %delay 1000, 0;
    %pushi/vec4 1, 0, 1;
    %store/vec4 v0x5e792b17da30_0, 0, 1;
    %pushi/vec4 1, 0, 1;
    %store/vec4 v0x5e792b17d4a0_0, 0, 1;
    %pushi/vec4 0, 0, 1;
    %store/vec4 v0x5e792b17d7d0_0, 0, 1;
    %pushi/vec4 0, 0, 1;
    %store/vec4 v0x5e792b17d890_0, 0, 1;
    %pushi/vec4 0, 0, 1;
    %store/vec4 v0x5e792b17d560_0, 0, 1;
    %pushi/vec4 0, 0, 1;
    %store/vec4 v0x5e792b17d600_0, 0, 1;
    %pushi/vec4 0, 0, 1;
    %store/vec4 v0x5e792b17d6c0_0, 0, 1;
    %pushi/vec4 0, 0, 2;
    %store/vec4 v0x5e792b17d950_0, 0, 2;
    %pushi/vec4 2, 0, 2;
    %store/vec4 v0x5e792b105670_0, 0, 2;
    %pushi/str "ADDI";
    %store/str v0x5e792b17daf0_0;
    %fork TD_tb_control_unit.check, S_0x5e792b105490;
    %join;
    %pushi/vec4 3, 0, 7;
    %store/vec4 v0x5e792b17f2d0_0, 0, 7;
    %delay 1000, 0;
    %pushi/vec4 1, 0, 1;
    %store/vec4 v0x5e792b17da30_0, 0, 1;
    %pushi/vec4 1, 0, 1;
    %store/vec4 v0x5e792b17d4a0_0, 0, 1;
    %pushi/vec4 1, 0, 1;
    %store/vec4 v0x5e792b17d7d0_0, 0, 1;
    %pushi/vec4 0, 0, 1;
    %store/vec4 v0x5e792b17d890_0, 0, 1;
    %pushi/vec4 0, 0, 1;
    %store/vec4 v0x5e792b17d560_0, 0, 1;
    %pushi/vec4 0, 0, 1;
    %store/vec4 v0x5e792b17d600_0, 0, 1;
    %pushi/vec4 0, 0, 1;
    %store/vec4 v0x5e792b17d6c0_0, 0, 1;
    %pushi/vec4 1, 0, 2;
    %store/vec4 v0x5e792b17d950_0, 0, 2;
    %pushi/vec4 0, 0, 2;
    %store/vec4 v0x5e792b105670_0, 0, 2;
    %pushi/str "LW";
    %store/str v0x5e792b17daf0_0;
    %fork TD_tb_control_unit.check, S_0x5e792b105490;
    %join;
    %pushi/vec4 35, 0, 7;
    %store/vec4 v0x5e792b17f2d0_0, 0, 7;
    %delay 1000, 0;
    %pushi/vec4 0, 0, 1;
    %store/vec4 v0x5e792b17da30_0, 0, 1;
    %pushi/vec4 1, 0, 1;
    %store/vec4 v0x5e792b17d4a0_0, 0, 1;
    %pushi/vec4 0, 0, 1;
    %store/vec4 v0x5e792b17d7d0_0, 0, 1;
    %pushi/vec4 1, 0, 1;
    %store/vec4 v0x5e792b17d890_0, 0, 1;
    %pushi/vec4 0, 0, 1;
    %store/vec4 v0x5e792b17d560_0, 0, 1;
    %pushi/vec4 0, 0, 1;
    %store/vec4 v0x5e792b17d600_0, 0, 1;
    %pushi/vec4 0, 0, 1;
    %store/vec4 v0x5e792b17d6c0_0, 0, 1;
    %pushi/vec4 0, 0, 2;
    %store/vec4 v0x5e792b17d950_0, 0, 2;
    %pushi/vec4 0, 0, 2;
    %store/vec4 v0x5e792b105670_0, 0, 2;
    %pushi/str "SW";
    %store/str v0x5e792b17daf0_0;
    %fork TD_tb_control_unit.check, S_0x5e792b105490;
    %join;
    %pushi/vec4 99, 0, 7;
    %store/vec4 v0x5e792b17f2d0_0, 0, 7;
    %delay 1000, 0;
    %pushi/vec4 0, 0, 1;
    %store/vec4 v0x5e792b17da30_0, 0, 1;
    %pushi/vec4 0, 0, 1;
    %store/vec4 v0x5e792b17d4a0_0, 0, 1;
    %pushi/vec4 0, 0, 1;
    %store/vec4 v0x5e792b17d7d0_0, 0, 1;
    %pushi/vec4 0, 0, 1;
    %store/vec4 v0x5e792b17d890_0, 0, 1;
    %pushi/vec4 1, 0, 1;
    %store/vec4 v0x5e792b17d560_0, 0, 1;
    %pushi/vec4 0, 0, 1;
    %store/vec4 v0x5e792b17d600_0, 0, 1;
    %pushi/vec4 0, 0, 1;
    %store/vec4 v0x5e792b17d6c0_0, 0, 1;
    %pushi/vec4 0, 0, 2;
    %store/vec4 v0x5e792b17d950_0, 0, 2;
    %pushi/vec4 1, 0, 2;
    %store/vec4 v0x5e792b105670_0, 0, 2;
    %pushi/str "BEQ/BNE (B-type)";
    %store/str v0x5e792b17daf0_0;
    %fork TD_tb_control_unit.check, S_0x5e792b105490;
    %join;
    %pushi/vec4 111, 0, 7;
    %store/vec4 v0x5e792b17f2d0_0, 0, 7;
    %delay 1000, 0;
    %pushi/vec4 1, 0, 1;
    %store/vec4 v0x5e792b17da30_0, 0, 1;
    %pushi/vec4 0, 0, 1;
    %store/vec4 v0x5e792b17d4a0_0, 0, 1;
    %pushi/vec4 0, 0, 1;
    %store/vec4 v0x5e792b17d7d0_0, 0, 1;
    %pushi/vec4 0, 0, 1;
    %store/vec4 v0x5e792b17d890_0, 0, 1;
    %pushi/vec4 0, 0, 1;
    %store/vec4 v0x5e792b17d560_0, 0, 1;
    %pushi/vec4 1, 0, 1;
    %store/vec4 v0x5e792b17d600_0, 0, 1;
    %pushi/vec4 0, 0, 1;
    %store/vec4 v0x5e792b17d6c0_0, 0, 1;
    %pushi/vec4 2, 0, 2;
    %store/vec4 v0x5e792b17d950_0, 0, 2;
    %pushi/vec4 0, 0, 2;
    %store/vec4 v0x5e792b105670_0, 0, 2;
    %pushi/str "JAL";
    %store/str v0x5e792b17daf0_0;
    %fork TD_tb_control_unit.check, S_0x5e792b105490;
    %join;
    %pushi/vec4 103, 0, 7;
    %store/vec4 v0x5e792b17f2d0_0, 0, 7;
    %delay 1000, 0;
    %pushi/vec4 1, 0, 1;
    %store/vec4 v0x5e792b17da30_0, 0, 1;
    %pushi/vec4 1, 0, 1;
    %store/vec4 v0x5e792b17d4a0_0, 0, 1;
    %pushi/vec4 0, 0, 1;
    %store/vec4 v0x5e792b17d7d0_0, 0, 1;
    %pushi/vec4 0, 0, 1;
    %store/vec4 v0x5e792b17d890_0, 0, 1;
    %pushi/vec4 0, 0, 1;
    %store/vec4 v0x5e792b17d560_0, 0, 1;
    %pushi/vec4 1, 0, 1;
    %store/vec4 v0x5e792b17d600_0, 0, 1;
    %pushi/vec4 1, 0, 1;
    %store/vec4 v0x5e792b17d6c0_0, 0, 1;
    %pushi/vec4 2, 0, 2;
    %store/vec4 v0x5e792b17d950_0, 0, 2;
    %pushi/vec4 0, 0, 2;
    %store/vec4 v0x5e792b105670_0, 0, 2;
    %pushi/str "JALR";
    %store/str v0x5e792b17daf0_0;
    %fork TD_tb_control_unit.check, S_0x5e792b105490;
    %join;
    %pushi/vec4 127, 0, 7;
    %store/vec4 v0x5e792b17f2d0_0, 0, 7;
    %delay 1000, 0;
    %pushi/vec4 0, 0, 1;
    %store/vec4 v0x5e792b17da30_0, 0, 1;
    %pushi/vec4 0, 0, 1;
    %store/vec4 v0x5e792b17d4a0_0, 0, 1;
    %pushi/vec4 0, 0, 1;
    %store/vec4 v0x5e792b17d7d0_0, 0, 1;
    %pushi/vec4 0, 0, 1;
    %store/vec4 v0x5e792b17d890_0, 0, 1;
    %pushi/vec4 0, 0, 1;
    %store/vec4 v0x5e792b17d560_0, 0, 1;
    %pushi/vec4 0, 0, 1;
    %store/vec4 v0x5e792b17d600_0, 0, 1;
    %pushi/vec4 0, 0, 1;
    %store/vec4 v0x5e792b17d6c0_0, 0, 1;
    %pushi/vec4 0, 0, 2;
    %store/vec4 v0x5e792b17d950_0, 0, 2;
    %pushi/vec4 0, 0, 2;
    %store/vec4 v0x5e792b105670_0, 0, 2;
    %pushi/str "unsupported opcode -> all signals de-asserted";
    %store/str v0x5e792b17daf0_0;
    %fork TD_tb_control_unit.check, S_0x5e792b105490;
    %join;
    %pushi/vec4 0, 0, 7;
    %store/vec4 v0x5e792b17f2d0_0, 0, 7;
    %delay 1000, 0;
    %pushi/vec4 0, 0, 1;
    %store/vec4 v0x5e792b17da30_0, 0, 1;
    %pushi/vec4 0, 0, 1;
    %store/vec4 v0x5e792b17d4a0_0, 0, 1;
    %pushi/vec4 0, 0, 1;
    %store/vec4 v0x5e792b17d7d0_0, 0, 1;
    %pushi/vec4 0, 0, 1;
    %store/vec4 v0x5e792b17d890_0, 0, 1;
    %pushi/vec4 0, 0, 1;
    %store/vec4 v0x5e792b17d560_0, 0, 1;
    %pushi/vec4 0, 0, 1;
    %store/vec4 v0x5e792b17d600_0, 0, 1;
    %pushi/vec4 0, 0, 1;
    %store/vec4 v0x5e792b17d6c0_0, 0, 1;
    %pushi/vec4 0, 0, 2;
    %store/vec4 v0x5e792b17d950_0, 0, 2;
    %pushi/vec4 0, 0, 2;
    %store/vec4 v0x5e792b105670_0, 0, 2;
    %pushi/str "opcode=0000000 -> default (RegWrite must stay 0, no spurious writes)";
    %store/str v0x5e792b17daf0_0;
    %fork TD_tb_control_unit.check, S_0x5e792b105490;
    %join;
    %vpi_call/w 3 98 "$display", "=== tb_control_unit: %0d checks, %0d errors ===", v0x5e792b17f190_0, v0x5e792b17f230_0 {0 0 0};
    %load/vec4 v0x5e792b17f230_0;
    %cmpi/e 0, 0, 32;
    %jmp/0xz  T_3.0, 4;
    %vpi_call/w 3 99 "$display", "*** TB_CONTROL_UNIT: ALL TESTS PASSED ***" {0 0 0};
    %jmp T_3.1;
T_3.0 ;
    %vpi_call/w 3 100 "$display", "*** TB_CONTROL_UNIT: %0d TEST(S) FAILED ***", v0x5e792b17f230_0 {0 0 0};
T_3.1 ;
    %vpi_call/w 3 101 "$finish" {0 0 0};
    %end;
    .thread T_3;
# The file index is used to find the file name in the following table.
:file_names 5;
    "N/A";
    "<interactive>";
    "-";
    "tb/tb_control_unit.v";
    "control_unit.v";
