#! /usr/bin/vvp
:ivl_version "12.0 (stable)";
:ivl_delay_selection "TYPICAL";
:vpi_time_precision - 12;
:vpi_module "/usr/lib/x86_64-linux-gnu/ivl/system.vpi";
:vpi_module "/usr/lib/x86_64-linux-gnu/ivl/vhdl_sys.vpi";
:vpi_module "/usr/lib/x86_64-linux-gnu/ivl/vhdl_textio.vpi";
:vpi_module "/usr/lib/x86_64-linux-gnu/ivl/v2005_math.vpi";
:vpi_module "/usr/lib/x86_64-linux-gnu/ivl/va_math.vpi";
:vpi_module "/usr/lib/x86_64-linux-gnu/ivl/v2009.vpi";
S_0x620121db3970 .scope package, "$unit" "$unit" 2 1;
 .timescale 0 0;
S_0x620121d88f70 .scope module, "tb_decoder" "tb_decoder" 3 9;
 .timescale -9 -12;
v0x620121dd4a40_0 .var/i "checks", 31 0;
v0x620121dd4b40_0 .var/i "errors", 31 0;
v0x620121dd4c20_0 .net "funct3", 2 0, v0x620121dd41a0_0;  1 drivers
v0x620121dd4cf0_0 .net "funct7", 6 0, v0x620121dd42a0_0;  1 drivers
v0x620121dd4dc0_0 .net "imm", 31 0, v0x620121dd4380_0;  1 drivers
v0x620121dd4e60_0 .var "instruction", 31 0;
v0x620121dd4f30_0 .net "opcode", 6 0, L_0x620121dd5270;  1 drivers
v0x620121dd5000_0 .net "rd", 4 0, v0x620121dd4650_0;  1 drivers
v0x620121dd50d0_0 .net "rs1", 4 0, v0x620121dd4730_0;  1 drivers
v0x620121dd51a0_0 .net "rs2", 4 0, v0x620121dd4810_0;  1 drivers
S_0x620121d89100 .scope task, "check_field" "check_field" 3 32, 3 32 0, S_0x620121d88f70;
 .timescale -9 -12;
v0x620121d6dbd0_0 .var "actual", 31 0;
v0x620121dd3db0_0 .var "exp", 31 0;
v0x620121dd3e90_0 .var/str "name";
TD_tb_decoder.check_field ;
    %load/vec4 v0x620121dd4a40_0;
    %addi 1, 0, 32;
    %store/vec4 v0x620121dd4a40_0, 0, 32;
    %load/vec4 v0x620121d6dbd0_0;
    %load/vec4 v0x620121dd3db0_0;
    %cmp/ne;
    %jmp/0xz  T_0.0, 6;
    %load/vec4 v0x620121dd4b40_0;
    %addi 1, 0, 32;
    %store/vec4 v0x620121dd4b40_0, 0, 32;
    %vpi_call/w 3 37 "$display", "FAIL [%0d] %0s: got=%h expected=%h", v0x620121dd4a40_0, v0x620121dd3e90_0, v0x620121d6dbd0_0, v0x620121dd3db0_0 {0 0 0};
    %jmp T_0.1;
T_0.0 ;
    %vpi_call/w 3 40 "$display", "PASS [%0d] %0s: %h", v0x620121dd4a40_0, v0x620121dd3e90_0, v0x620121d6dbd0_0 {0 0 0};
T_0.1 ;
    %end;
S_0x620121dd3f30 .scope module, "dut" "decoder" 3 21, 4 1 0, S_0x620121d88f70;
 .timescale 0 0;
    .port_info 0 /INPUT 32 "instruction";
    .port_info 1 /OUTPUT 7 "opcode";
    .port_info 2 /OUTPUT 5 "rs1";
    .port_info 3 /OUTPUT 5 "rs2";
    .port_info 4 /OUTPUT 5 "rd";
    .port_info 5 /OUTPUT 3 "funct3";
    .port_info 6 /OUTPUT 7 "funct7";
    .port_info 7 /OUTPUT 32 "imm";
v0x620121dd41a0_0 .var "funct3", 2 0;
v0x620121dd42a0_0 .var "funct7", 6 0;
v0x620121dd4380_0 .var "imm", 31 0;
v0x620121dd4440_0 .net "instruction", 31 0, v0x620121dd4e60_0;  1 drivers
v0x620121dd4520_0 .net "opcode", 6 0, L_0x620121dd5270;  alias, 1 drivers
v0x620121dd4650_0 .var "rd", 4 0;
v0x620121dd4730_0 .var "rs1", 4 0;
v0x620121dd4810_0 .var "rs2", 4 0;
E_0x620121d7f2e0 .event anyedge, v0x620121dd4520_0, v0x620121dd4440_0;
L_0x620121dd5270 .part v0x620121dd4e60_0, 0, 7;
    .scope S_0x620121dd3f30;
T_1 ;
    %wait E_0x620121d7f2e0;
    %load/vec4 v0x620121dd4520_0;
    %dup/vec4;
    %pushi/vec4 51, 0, 7;
    %cmp/u;
    %jmp/1 T_1.0, 6;
    %dup/vec4;
    %pushi/vec4 19, 0, 7;
    %cmp/u;
    %jmp/1 T_1.1, 6;
    %dup/vec4;
    %pushi/vec4 3, 0, 7;
    %cmp/u;
    %jmp/1 T_1.2, 6;
    %dup/vec4;
    %pushi/vec4 103, 0, 7;
    %cmp/u;
    %jmp/1 T_1.3, 6;
    %dup/vec4;
    %pushi/vec4 35, 0, 7;
    %cmp/u;
    %jmp/1 T_1.4, 6;
    %dup/vec4;
    %pushi/vec4 99, 0, 7;
    %cmp/u;
    %jmp/1 T_1.5, 6;
    %dup/vec4;
    %pushi/vec4 111, 0, 7;
    %cmp/u;
    %jmp/1 T_1.6, 6;
    %pushi/vec4 0, 0, 5;
    %store/vec4 v0x620121dd4730_0, 0, 5;
    %pushi/vec4 0, 0, 5;
    %store/vec4 v0x620121dd4810_0, 0, 5;
    %pushi/vec4 0, 0, 5;
    %store/vec4 v0x620121dd4650_0, 0, 5;
    %pushi/vec4 0, 0, 3;
    %store/vec4 v0x620121dd41a0_0, 0, 3;
    %pushi/vec4 0, 0, 7;
    %store/vec4 v0x620121dd42a0_0, 0, 7;
    %pushi/vec4 0, 0, 32;
    %store/vec4 v0x620121dd4380_0, 0, 32;
    %jmp T_1.8;
T_1.0 ;
    %load/vec4 v0x620121dd4440_0;
    %parti/s 5, 15, 5;
    %store/vec4 v0x620121dd4730_0, 0, 5;
    %load/vec4 v0x620121dd4440_0;
    %parti/s 5, 20, 6;
    %store/vec4 v0x620121dd4810_0, 0, 5;
    %load/vec4 v0x620121dd4440_0;
    %parti/s 5, 7, 4;
    %store/vec4 v0x620121dd4650_0, 0, 5;
    %load/vec4 v0x620121dd4440_0;
    %parti/s 3, 12, 5;
    %store/vec4 v0x620121dd41a0_0, 0, 3;
    %load/vec4 v0x620121dd4440_0;
    %parti/s 7, 25, 6;
    %store/vec4 v0x620121dd42a0_0, 0, 7;
    %pushi/vec4 0, 0, 32;
    %store/vec4 v0x620121dd4380_0, 0, 32;
    %jmp T_1.8;
T_1.1 ;
    %load/vec4 v0x620121dd4440_0;
    %parti/s 5, 15, 5;
    %store/vec4 v0x620121dd4730_0, 0, 5;
    %pushi/vec4 0, 0, 5;
    %store/vec4 v0x620121dd4810_0, 0, 5;
    %load/vec4 v0x620121dd4440_0;
    %parti/s 5, 7, 4;
    %store/vec4 v0x620121dd4650_0, 0, 5;
    %load/vec4 v0x620121dd4440_0;
    %parti/s 3, 12, 5;
    %store/vec4 v0x620121dd41a0_0, 0, 3;
    %pushi/vec4 0, 0, 7;
    %store/vec4 v0x620121dd42a0_0, 0, 7;
    %load/vec4 v0x620121dd4440_0;
    %parti/s 1, 31, 6;
    %replicate 20;
    %load/vec4 v0x620121dd4440_0;
    %parti/s 12, 20, 6;
    %concat/vec4; draw_concat_vec4
    %store/vec4 v0x620121dd4380_0, 0, 32;
    %jmp T_1.8;
T_1.2 ;
    %load/vec4 v0x620121dd4440_0;
    %parti/s 5, 15, 5;
    %store/vec4 v0x620121dd4730_0, 0, 5;
    %pushi/vec4 0, 0, 5;
    %store/vec4 v0x620121dd4810_0, 0, 5;
    %load/vec4 v0x620121dd4440_0;
    %parti/s 5, 7, 4;
    %store/vec4 v0x620121dd4650_0, 0, 5;
    %load/vec4 v0x620121dd4440_0;
    %parti/s 3, 12, 5;
    %store/vec4 v0x620121dd41a0_0, 0, 3;
    %pushi/vec4 0, 0, 7;
    %store/vec4 v0x620121dd42a0_0, 0, 7;
    %load/vec4 v0x620121dd4440_0;
    %parti/s 1, 31, 6;
    %replicate 20;
    %load/vec4 v0x620121dd4440_0;
    %parti/s 12, 20, 6;
    %concat/vec4; draw_concat_vec4
    %store/vec4 v0x620121dd4380_0, 0, 32;
    %jmp T_1.8;
T_1.3 ;
    %load/vec4 v0x620121dd4440_0;
    %parti/s 5, 15, 5;
    %store/vec4 v0x620121dd4730_0, 0, 5;
    %pushi/vec4 0, 0, 5;
    %store/vec4 v0x620121dd4810_0, 0, 5;
    %load/vec4 v0x620121dd4440_0;
    %parti/s 5, 7, 4;
    %store/vec4 v0x620121dd4650_0, 0, 5;
    %load/vec4 v0x620121dd4440_0;
    %parti/s 3, 12, 5;
    %store/vec4 v0x620121dd41a0_0, 0, 3;
    %pushi/vec4 0, 0, 7;
    %store/vec4 v0x620121dd42a0_0, 0, 7;
    %load/vec4 v0x620121dd4440_0;
    %parti/s 1, 31, 6;
    %replicate 20;
    %load/vec4 v0x620121dd4440_0;
    %parti/s 12, 20, 6;
    %concat/vec4; draw_concat_vec4
    %store/vec4 v0x620121dd4380_0, 0, 32;
    %jmp T_1.8;
T_1.4 ;
    %load/vec4 v0x620121dd4440_0;
    %parti/s 5, 15, 5;
    %store/vec4 v0x620121dd4730_0, 0, 5;
    %load/vec4 v0x620121dd4440_0;
    %parti/s 5, 20, 6;
    %store/vec4 v0x620121dd4810_0, 0, 5;
    %pushi/vec4 0, 0, 5;
    %store/vec4 v0x620121dd4650_0, 0, 5;
    %load/vec4 v0x620121dd4440_0;
    %parti/s 3, 12, 5;
    %store/vec4 v0x620121dd41a0_0, 0, 3;
    %pushi/vec4 0, 0, 7;
    %store/vec4 v0x620121dd42a0_0, 0, 7;
    %load/vec4 v0x620121dd4440_0;
    %parti/s 1, 31, 6;
    %replicate 20;
    %load/vec4 v0x620121dd4440_0;
    %parti/s 7, 25, 6;
    %concat/vec4; draw_concat_vec4
    %load/vec4 v0x620121dd4440_0;
    %parti/s 5, 7, 4;
    %concat/vec4; draw_concat_vec4
    %store/vec4 v0x620121dd4380_0, 0, 32;
    %jmp T_1.8;
T_1.5 ;
    %load/vec4 v0x620121dd4440_0;
    %parti/s 5, 15, 5;
    %store/vec4 v0x620121dd4730_0, 0, 5;
    %load/vec4 v0x620121dd4440_0;
    %parti/s 5, 20, 6;
    %store/vec4 v0x620121dd4810_0, 0, 5;
    %pushi/vec4 0, 0, 5;
    %store/vec4 v0x620121dd4650_0, 0, 5;
    %load/vec4 v0x620121dd4440_0;
    %parti/s 3, 12, 5;
    %store/vec4 v0x620121dd41a0_0, 0, 3;
    %pushi/vec4 0, 0, 7;
    %store/vec4 v0x620121dd42a0_0, 0, 7;
    %load/vec4 v0x620121dd4440_0;
    %parti/s 1, 31, 6;
    %replicate 19;
    %load/vec4 v0x620121dd4440_0;
    %parti/s 1, 31, 6;
    %concat/vec4; draw_concat_vec4
    %load/vec4 v0x620121dd4440_0;
    %parti/s 1, 7, 4;
    %concat/vec4; draw_concat_vec4
    %load/vec4 v0x620121dd4440_0;
    %parti/s 6, 25, 6;
    %concat/vec4; draw_concat_vec4
    %load/vec4 v0x620121dd4440_0;
    %parti/s 4, 8, 5;
    %concat/vec4; draw_concat_vec4
    %concati/vec4 0, 0, 1;
    %store/vec4 v0x620121dd4380_0, 0, 32;
    %jmp T_1.8;
T_1.6 ;
    %pushi/vec4 0, 0, 5;
    %store/vec4 v0x620121dd4730_0, 0, 5;
    %pushi/vec4 0, 0, 5;
    %store/vec4 v0x620121dd4810_0, 0, 5;
    %load/vec4 v0x620121dd4440_0;
    %parti/s 5, 7, 4;
    %store/vec4 v0x620121dd4650_0, 0, 5;
    %pushi/vec4 0, 0, 3;
    %store/vec4 v0x620121dd41a0_0, 0, 3;
    %pushi/vec4 0, 0, 7;
    %store/vec4 v0x620121dd42a0_0, 0, 7;
    %load/vec4 v0x620121dd4440_0;
    %parti/s 1, 31, 6;
    %replicate 11;
    %load/vec4 v0x620121dd4440_0;
    %parti/s 1, 31, 6;
    %concat/vec4; draw_concat_vec4
    %load/vec4 v0x620121dd4440_0;
    %parti/s 8, 12, 5;
    %concat/vec4; draw_concat_vec4
    %load/vec4 v0x620121dd4440_0;
    %parti/s 1, 20, 6;
    %concat/vec4; draw_concat_vec4
    %load/vec4 v0x620121dd4440_0;
    %parti/s 10, 21, 6;
    %concat/vec4; draw_concat_vec4
    %concati/vec4 0, 0, 1;
    %store/vec4 v0x620121dd4380_0, 0, 32;
    %jmp T_1.8;
T_1.8 ;
    %pop/vec4 1;
    %jmp T_1;
    .thread T_1, $push;
    .scope S_0x620121d88f70;
T_2 ;
    %pushi/vec4 0, 0, 32;
    %store/vec4 v0x620121dd4b40_0, 0, 32;
    %pushi/vec4 0, 0, 32;
    %store/vec4 v0x620121dd4a40_0, 0, 32;
    %end;
    .thread T_2, $init;
    .scope S_0x620121d88f70;
T_3 ;
    %vpi_call/w 3 46 "$display", "=== tb_decoder: starting ===" {0 0 0};
    %pushi/vec4 2130355, 0, 32;
    %store/vec4 v0x620121dd4e60_0, 0, 32;
    %delay 1000, 0;
    %vpi_call/w 3 52 "$display", "-- R-type: ADD x3, x1, x2 --" {0 0 0};
    %load/vec4 v0x620121dd4f30_0;
    %pad/u 32;
    %store/vec4 v0x620121d6dbd0_0, 0, 32;
    %pushi/vec4 51, 0, 32;
    %store/vec4 v0x620121dd3db0_0, 0, 32;
    %pushi/str "R-type opcode";
    %store/str v0x620121dd3e90_0;
    %fork TD_tb_decoder.check_field, S_0x620121d89100;
    %join;
    %load/vec4 v0x620121dd50d0_0;
    %pad/u 32;
    %store/vec4 v0x620121d6dbd0_0, 0, 32;
    %pushi/vec4 1, 0, 32;
    %store/vec4 v0x620121dd3db0_0, 0, 32;
    %pushi/str "R-type rs1";
    %store/str v0x620121dd3e90_0;
    %fork TD_tb_decoder.check_field, S_0x620121d89100;
    %join;
    %load/vec4 v0x620121dd51a0_0;
    %pad/u 32;
    %store/vec4 v0x620121d6dbd0_0, 0, 32;
    %pushi/vec4 2, 0, 32;
    %store/vec4 v0x620121dd3db0_0, 0, 32;
    %pushi/str "R-type rs2";
    %store/str v0x620121dd3e90_0;
    %fork TD_tb_decoder.check_field, S_0x620121d89100;
    %join;
    %load/vec4 v0x620121dd5000_0;
    %pad/u 32;
    %store/vec4 v0x620121d6dbd0_0, 0, 32;
    %pushi/vec4 3, 0, 32;
    %store/vec4 v0x620121dd3db0_0, 0, 32;
    %pushi/str "R-type rd";
    %store/str v0x620121dd3e90_0;
    %fork TD_tb_decoder.check_field, S_0x620121d89100;
    %join;
    %load/vec4 v0x620121dd4c20_0;
    %pad/u 32;
    %store/vec4 v0x620121d6dbd0_0, 0, 32;
    %pushi/vec4 0, 0, 32;
    %store/vec4 v0x620121dd3db0_0, 0, 32;
    %pushi/str "R-type funct3";
    %store/str v0x620121dd3e90_0;
    %fork TD_tb_decoder.check_field, S_0x620121d89100;
    %join;
    %load/vec4 v0x620121dd4cf0_0;
    %pad/u 32;
    %store/vec4 v0x620121d6dbd0_0, 0, 32;
    %pushi/vec4 0, 0, 32;
    %store/vec4 v0x620121dd3db0_0, 0, 32;
    %pushi/str "R-type funct7";
    %store/str v0x620121dd3e90_0;
    %fork TD_tb_decoder.check_field, S_0x620121d89100;
    %join;
    %load/vec4 v0x620121dd4dc0_0;
    %store/vec4 v0x620121d6dbd0_0, 0, 32;
    %pushi/vec4 0, 0, 32;
    %store/vec4 v0x620121dd3db0_0, 0, 32;
    %pushi/str "R-type imm (unused, must be 0)";
    %store/str v0x620121dd3e90_0;
    %fork TD_tb_decoder.check_field, S_0x620121d89100;
    %join;
    %pushi/vec4 1081279155, 0, 32;
    %store/vec4 v0x620121dd4e60_0, 0, 32;
    %delay 1000, 0;
    %vpi_call/w 3 63 "$display", "-- R-type: SUB x5, x6, x7 --" {0 0 0};
    %load/vec4 v0x620121dd50d0_0;
    %pad/u 32;
    %store/vec4 v0x620121d6dbd0_0, 0, 32;
    %pushi/vec4 6, 0, 32;
    %store/vec4 v0x620121dd3db0_0, 0, 32;
    %pushi/str "SUB rs1";
    %store/str v0x620121dd3e90_0;
    %fork TD_tb_decoder.check_field, S_0x620121d89100;
    %join;
    %load/vec4 v0x620121dd51a0_0;
    %pad/u 32;
    %store/vec4 v0x620121d6dbd0_0, 0, 32;
    %pushi/vec4 7, 0, 32;
    %store/vec4 v0x620121dd3db0_0, 0, 32;
    %pushi/str "SUB rs2";
    %store/str v0x620121dd3e90_0;
    %fork TD_tb_decoder.check_field, S_0x620121d89100;
    %join;
    %load/vec4 v0x620121dd5000_0;
    %pad/u 32;
    %store/vec4 v0x620121d6dbd0_0, 0, 32;
    %pushi/vec4 5, 0, 32;
    %store/vec4 v0x620121dd3db0_0, 0, 32;
    %pushi/str "SUB rd";
    %store/str v0x620121dd3e90_0;
    %fork TD_tb_decoder.check_field, S_0x620121d89100;
    %join;
    %load/vec4 v0x620121dd4cf0_0;
    %pad/u 32;
    %store/vec4 v0x620121d6dbd0_0, 0, 32;
    %pushi/vec4 32, 0, 32;
    %store/vec4 v0x620121dd3db0_0, 0, 32;
    %pushi/str "SUB funct7 (distinguishes from ADD)";
    %store/str v0x620121dd3e90_0;
    %fork TD_tb_decoder.check_field, S_0x620121d89100;
    %join;
    %pushi/vec4 4289757715, 0, 32;
    %store/vec4 v0x620121dd4e60_0, 0, 32;
    %delay 1000, 0;
    %vpi_call/w 3 72 "$display", "-- I-type: ADDI x4, x1, -5 --" {0 0 0};
    %load/vec4 v0x620121dd4f30_0;
    %pad/u 32;
    %store/vec4 v0x620121d6dbd0_0, 0, 32;
    %pushi/vec4 19, 0, 32;
    %store/vec4 v0x620121dd3db0_0, 0, 32;
    %pushi/str "ADDI opcode";
    %store/str v0x620121dd3e90_0;
    %fork TD_tb_decoder.check_field, S_0x620121d89100;
    %join;
    %load/vec4 v0x620121dd50d0_0;
    %pad/u 32;
    %store/vec4 v0x620121d6dbd0_0, 0, 32;
    %pushi/vec4 1, 0, 32;
    %store/vec4 v0x620121dd3db0_0, 0, 32;
    %pushi/str "ADDI rs1";
    %store/str v0x620121dd3e90_0;
    %fork TD_tb_decoder.check_field, S_0x620121d89100;
    %join;
    %load/vec4 v0x620121dd51a0_0;
    %pad/u 32;
    %store/vec4 v0x620121d6dbd0_0, 0, 32;
    %pushi/vec4 0, 0, 32;
    %store/vec4 v0x620121dd3db0_0, 0, 32;
    %pushi/str "ADDI rs2 (must be 0, unused for I-type)";
    %store/str v0x620121dd3e90_0;
    %fork TD_tb_decoder.check_field, S_0x620121d89100;
    %join;
    %load/vec4 v0x620121dd5000_0;
    %pad/u 32;
    %store/vec4 v0x620121d6dbd0_0, 0, 32;
    %pushi/vec4 4, 0, 32;
    %store/vec4 v0x620121dd3db0_0, 0, 32;
    %pushi/str "ADDI rd";
    %store/str v0x620121dd3e90_0;
    %fork TD_tb_decoder.check_field, S_0x620121d89100;
    %join;
    %load/vec4 v0x620121dd4c20_0;
    %pad/u 32;
    %store/vec4 v0x620121d6dbd0_0, 0, 32;
    %pushi/vec4 0, 0, 32;
    %store/vec4 v0x620121dd3db0_0, 0, 32;
    %pushi/str "ADDI funct3";
    %store/str v0x620121dd3e90_0;
    %fork TD_tb_decoder.check_field, S_0x620121d89100;
    %join;
    %load/vec4 v0x620121dd4cf0_0;
    %pad/u 32;
    %store/vec4 v0x620121d6dbd0_0, 0, 32;
    %pushi/vec4 0, 0, 32;
    %store/vec4 v0x620121dd3db0_0, 0, 32;
    %pushi/str "ADDI funct7 (must be 0, no funct7 in I-type)";
    %store/str v0x620121dd3e90_0;
    %fork TD_tb_decoder.check_field, S_0x620121d89100;
    %join;
    %load/vec4 v0x620121dd4dc0_0;
    %store/vec4 v0x620121d6dbd0_0, 0, 32;
    %pushi/vec4 4294967291, 0, 32;
    %store/vec4 v0x620121dd3db0_0, 0, 32;
    %pushi/str "ADDI imm sign-extended -5";
    %store/str v0x620121dd3e90_0;
    %fork TD_tb_decoder.check_field, S_0x620121d89100;
    %join;
    %pushi/vec4 105128195, 0, 32;
    %store/vec4 v0x620121dd4e60_0, 0, 32;
    %delay 1000, 0;
    %vpi_call/w 3 83 "$display", "-- I-type: LW x2, 100(x8) --" {0 0 0};
    %load/vec4 v0x620121dd4f30_0;
    %pad/u 32;
    %store/vec4 v0x620121d6dbd0_0, 0, 32;
    %pushi/vec4 3, 0, 32;
    %store/vec4 v0x620121dd3db0_0, 0, 32;
    %pushi/str "LW opcode";
    %store/str v0x620121dd3e90_0;
    %fork TD_tb_decoder.check_field, S_0x620121d89100;
    %join;
    %load/vec4 v0x620121dd50d0_0;
    %pad/u 32;
    %store/vec4 v0x620121d6dbd0_0, 0, 32;
    %pushi/vec4 8, 0, 32;
    %store/vec4 v0x620121dd3db0_0, 0, 32;
    %pushi/str "LW rs1 (base)";
    %store/str v0x620121dd3e90_0;
    %fork TD_tb_decoder.check_field, S_0x620121d89100;
    %join;
    %load/vec4 v0x620121dd5000_0;
    %pad/u 32;
    %store/vec4 v0x620121d6dbd0_0, 0, 32;
    %pushi/vec4 2, 0, 32;
    %store/vec4 v0x620121dd3db0_0, 0, 32;
    %pushi/str "LW rd";
    %store/str v0x620121dd3e90_0;
    %fork TD_tb_decoder.check_field, S_0x620121d89100;
    %join;
    %load/vec4 v0x620121dd4dc0_0;
    %store/vec4 v0x620121d6dbd0_0, 0, 32;
    %pushi/vec4 100, 0, 32;
    %store/vec4 v0x620121dd3db0_0, 0, 32;
    %pushi/str "LW imm positive, no sign-extension needed";
    %store/str v0x620121dd3e90_0;
    %fork TD_tb_decoder.check_field, S_0x620121d89100;
    %join;
    %pushi/vec4 164071, 0, 32;
    %store/vec4 v0x620121dd4e60_0, 0, 32;
    %delay 1000, 0;
    %vpi_call/w 3 91 "$display", "-- I-type: JALR x1, 0(x5) --" {0 0 0};
    %load/vec4 v0x620121dd4f30_0;
    %pad/u 32;
    %store/vec4 v0x620121d6dbd0_0, 0, 32;
    %pushi/vec4 103, 0, 32;
    %store/vec4 v0x620121dd3db0_0, 0, 32;
    %pushi/str "JALR opcode";
    %store/str v0x620121dd3e90_0;
    %fork TD_tb_decoder.check_field, S_0x620121d89100;
    %join;
    %load/vec4 v0x620121dd50d0_0;
    %pad/u 32;
    %store/vec4 v0x620121d6dbd0_0, 0, 32;
    %pushi/vec4 5, 0, 32;
    %store/vec4 v0x620121dd3db0_0, 0, 32;
    %pushi/str "JALR rs1";
    %store/str v0x620121dd3e90_0;
    %fork TD_tb_decoder.check_field, S_0x620121d89100;
    %join;
    %load/vec4 v0x620121dd5000_0;
    %pad/u 32;
    %store/vec4 v0x620121d6dbd0_0, 0, 32;
    %pushi/vec4 1, 0, 32;
    %store/vec4 v0x620121dd3db0_0, 0, 32;
    %pushi/str "JALR rd";
    %store/str v0x620121dd3e90_0;
    %fork TD_tb_decoder.check_field, S_0x620121d89100;
    %join;
    %load/vec4 v0x620121dd4dc0_0;
    %store/vec4 v0x620121d6dbd0_0, 0, 32;
    %pushi/vec4 0, 0, 32;
    %store/vec4 v0x620121dd3db0_0, 0, 32;
    %pushi/str "JALR imm 0";
    %store/str v0x620121dd3e90_0;
    %fork TD_tb_decoder.check_field, S_0x620121d89100;
    %join;
    %pushi/vec4 4271189539, 0, 32;
    %store/vec4 v0x620121dd4e60_0, 0, 32;
    %delay 1000, 0;
    %vpi_call/w 3 100 "$display", "-- S-type: SW x9, -4(x10) --" {0 0 0};
    %load/vec4 v0x620121dd4f30_0;
    %pad/u 32;
    %store/vec4 v0x620121d6dbd0_0, 0, 32;
    %pushi/vec4 35, 0, 32;
    %store/vec4 v0x620121dd3db0_0, 0, 32;
    %pushi/str "SW opcode";
    %store/str v0x620121dd3e90_0;
    %fork TD_tb_decoder.check_field, S_0x620121d89100;
    %join;
    %load/vec4 v0x620121dd50d0_0;
    %pad/u 32;
    %store/vec4 v0x620121d6dbd0_0, 0, 32;
    %pushi/vec4 10, 0, 32;
    %store/vec4 v0x620121dd3db0_0, 0, 32;
    %pushi/str "SW rs1 (base)";
    %store/str v0x620121dd3e90_0;
    %fork TD_tb_decoder.check_field, S_0x620121d89100;
    %join;
    %load/vec4 v0x620121dd51a0_0;
    %pad/u 32;
    %store/vec4 v0x620121d6dbd0_0, 0, 32;
    %pushi/vec4 9, 0, 32;
    %store/vec4 v0x620121dd3db0_0, 0, 32;
    %pushi/str "SW rs2 (source)";
    %store/str v0x620121dd3e90_0;
    %fork TD_tb_decoder.check_field, S_0x620121d89100;
    %join;
    %load/vec4 v0x620121dd5000_0;
    %pad/u 32;
    %store/vec4 v0x620121d6dbd0_0, 0, 32;
    %pushi/vec4 0, 0, 32;
    %store/vec4 v0x620121dd3db0_0, 0, 32;
    %pushi/str "SW rd (must be 0, no dest for S-type)";
    %store/str v0x620121dd3e90_0;
    %fork TD_tb_decoder.check_field, S_0x620121d89100;
    %join;
    %load/vec4 v0x620121dd4cf0_0;
    %pad/u 32;
    %store/vec4 v0x620121d6dbd0_0, 0, 32;
    %pushi/vec4 0, 0, 32;
    %store/vec4 v0x620121dd3db0_0, 0, 32;
    %pushi/str "SW funct7 forced to 0";
    %store/str v0x620121dd3e90_0;
    %fork TD_tb_decoder.check_field, S_0x620121d89100;
    %join;
    %load/vec4 v0x620121dd4dc0_0;
    %store/vec4 v0x620121d6dbd0_0, 0, 32;
    %pushi/vec4 4294967292, 0, 32;
    %store/vec4 v0x620121dd3db0_0, 0, 32;
    %pushi/str "SW imm sign-extended -4";
    %store/str v0x620121dd3e90_0;
    %fork TD_tb_decoder.check_field, S_0x620121d89100;
    %join;
    %pushi/vec4 2132067, 0, 32;
    %store/vec4 v0x620121dd4e60_0, 0, 32;
    %delay 1000, 0;
    %vpi_call/w 3 112 "$display", "-- B-type: BEQ x1, x2, +16 --" {0 0 0};
    %load/vec4 v0x620121dd4f30_0;
    %pad/u 32;
    %store/vec4 v0x620121d6dbd0_0, 0, 32;
    %pushi/vec4 99, 0, 32;
    %store/vec4 v0x620121dd3db0_0, 0, 32;
    %pushi/str "BEQ opcode";
    %store/str v0x620121dd3e90_0;
    %fork TD_tb_decoder.check_field, S_0x620121d89100;
    %join;
    %load/vec4 v0x620121dd50d0_0;
    %pad/u 32;
    %store/vec4 v0x620121d6dbd0_0, 0, 32;
    %pushi/vec4 1, 0, 32;
    %store/vec4 v0x620121dd3db0_0, 0, 32;
    %pushi/str "BEQ rs1";
    %store/str v0x620121dd3e90_0;
    %fork TD_tb_decoder.check_field, S_0x620121d89100;
    %join;
    %load/vec4 v0x620121dd51a0_0;
    %pad/u 32;
    %store/vec4 v0x620121d6dbd0_0, 0, 32;
    %pushi/vec4 2, 0, 32;
    %store/vec4 v0x620121dd3db0_0, 0, 32;
    %pushi/str "BEQ rs2";
    %store/str v0x620121dd3e90_0;
    %fork TD_tb_decoder.check_field, S_0x620121d89100;
    %join;
    %load/vec4 v0x620121dd5000_0;
    %pad/u 32;
    %store/vec4 v0x620121d6dbd0_0, 0, 32;
    %pushi/vec4 0, 0, 32;
    %store/vec4 v0x620121dd3db0_0, 0, 32;
    %pushi/str "BEQ rd (must be 0, no dest for B-type)";
    %store/str v0x620121dd3e90_0;
    %fork TD_tb_decoder.check_field, S_0x620121d89100;
    %join;
    %load/vec4 v0x620121dd4c20_0;
    %pad/u 32;
    %store/vec4 v0x620121d6dbd0_0, 0, 32;
    %pushi/vec4 0, 0, 32;
    %store/vec4 v0x620121dd3db0_0, 0, 32;
    %pushi/str "BEQ funct3";
    %store/str v0x620121dd3e90_0;
    %fork TD_tb_decoder.check_field, S_0x620121d89100;
    %join;
    %load/vec4 v0x620121dd4dc0_0;
    %store/vec4 v0x620121d6dbd0_0, 0, 32;
    %pushi/vec4 16, 0, 32;
    %store/vec4 v0x620121dd3db0_0, 0, 32;
    %pushi/str "BEQ imm = +16 bytes";
    %store/str v0x620121dd3e90_0;
    %fork TD_tb_decoder.check_field, S_0x620121d89100;
    %join;
    %pushi/vec4 4265712867, 0, 32;
    %store/vec4 v0x620121dd4e60_0, 0, 32;
    %delay 1000, 0;
    %vpi_call/w 3 124 "$display", "-- B-type: BNE x3, x4, -8 --" {0 0 0};
    %load/vec4 v0x620121dd4f30_0;
    %pad/u 32;
    %store/vec4 v0x620121d6dbd0_0, 0, 32;
    %pushi/vec4 99, 0, 32;
    %store/vec4 v0x620121dd3db0_0, 0, 32;
    %pushi/str "BNE opcode";
    %store/str v0x620121dd3e90_0;
    %fork TD_tb_decoder.check_field, S_0x620121d89100;
    %join;
    %load/vec4 v0x620121dd50d0_0;
    %pad/u 32;
    %store/vec4 v0x620121d6dbd0_0, 0, 32;
    %pushi/vec4 3, 0, 32;
    %store/vec4 v0x620121dd3db0_0, 0, 32;
    %pushi/str "BNE rs1";
    %store/str v0x620121dd3e90_0;
    %fork TD_tb_decoder.check_field, S_0x620121d89100;
    %join;
    %load/vec4 v0x620121dd51a0_0;
    %pad/u 32;
    %store/vec4 v0x620121d6dbd0_0, 0, 32;
    %pushi/vec4 4, 0, 32;
    %store/vec4 v0x620121dd3db0_0, 0, 32;
    %pushi/str "BNE rs2";
    %store/str v0x620121dd3e90_0;
    %fork TD_tb_decoder.check_field, S_0x620121d89100;
    %join;
    %load/vec4 v0x620121dd4c20_0;
    %pad/u 32;
    %store/vec4 v0x620121d6dbd0_0, 0, 32;
    %pushi/vec4 1, 0, 32;
    %store/vec4 v0x620121dd3db0_0, 0, 32;
    %pushi/str "BNE funct3";
    %store/str v0x620121dd3e90_0;
    %fork TD_tb_decoder.check_field, S_0x620121d89100;
    %join;
    %load/vec4 v0x620121dd4dc0_0;
    %store/vec4 v0x620121d6dbd0_0, 0, 32;
    %pushi/vec4 4294967288, 0, 32;
    %store/vec4 v0x620121dd3db0_0, 0, 32;
    %pushi/str "BNE imm = -8 bytes, sign-extended";
    %store/str v0x620121dd3e90_0;
    %fork TD_tb_decoder.check_field, S_0x620121d89100;
    %join;
    %pushi/vec4 1048815, 0, 32;
    %store/vec4 v0x620121dd4e60_0, 0, 32;
    %delay 1000, 0;
    %vpi_call/w 3 135 "$display", "-- J-type: JAL x1, +2048 --" {0 0 0};
    %load/vec4 v0x620121dd4f30_0;
    %pad/u 32;
    %store/vec4 v0x620121d6dbd0_0, 0, 32;
    %pushi/vec4 111, 0, 32;
    %store/vec4 v0x620121dd3db0_0, 0, 32;
    %pushi/str "JAL opcode";
    %store/str v0x620121dd3e90_0;
    %fork TD_tb_decoder.check_field, S_0x620121d89100;
    %join;
    %load/vec4 v0x620121dd50d0_0;
    %pad/u 32;
    %store/vec4 v0x620121d6dbd0_0, 0, 32;
    %pushi/vec4 0, 0, 32;
    %store/vec4 v0x620121dd3db0_0, 0, 32;
    %pushi/str "JAL rs1 (must be 0, unused)";
    %store/str v0x620121dd3e90_0;
    %fork TD_tb_decoder.check_field, S_0x620121d89100;
    %join;
    %load/vec4 v0x620121dd51a0_0;
    %pad/u 32;
    %store/vec4 v0x620121d6dbd0_0, 0, 32;
    %pushi/vec4 0, 0, 32;
    %store/vec4 v0x620121dd3db0_0, 0, 32;
    %pushi/str "JAL rs2 (must be 0, unused)";
    %store/str v0x620121dd3e90_0;
    %fork TD_tb_decoder.check_field, S_0x620121d89100;
    %join;
    %load/vec4 v0x620121dd5000_0;
    %pad/u 32;
    %store/vec4 v0x620121d6dbd0_0, 0, 32;
    %pushi/vec4 1, 0, 32;
    %store/vec4 v0x620121dd3db0_0, 0, 32;
    %pushi/str "JAL rd";
    %store/str v0x620121dd3e90_0;
    %fork TD_tb_decoder.check_field, S_0x620121d89100;
    %join;
    %load/vec4 v0x620121dd4c20_0;
    %pad/u 32;
    %store/vec4 v0x620121d6dbd0_0, 0, 32;
    %pushi/vec4 0, 0, 32;
    %store/vec4 v0x620121dd3db0_0, 0, 32;
    %pushi/str "JAL funct3 forced to 0";
    %store/str v0x620121dd3e90_0;
    %fork TD_tb_decoder.check_field, S_0x620121d89100;
    %join;
    %load/vec4 v0x620121dd4dc0_0;
    %store/vec4 v0x620121d6dbd0_0, 0, 32;
    %pushi/vec4 2048, 0, 32;
    %store/vec4 v0x620121dd3db0_0, 0, 32;
    %pushi/str "JAL imm = +2048 bytes";
    %store/str v0x620121dd3e90_0;
    %fork TD_tb_decoder.check_field, S_0x620121d89100;
    %join;
    %pushi/vec4 4292866159, 0, 32;
    %store/vec4 v0x620121dd4e60_0, 0, 32;
    %delay 1000, 0;
    %vpi_call/w 3 147 "$display", "-- J-type: JAL x0, -4 --" {0 0 0};
    %load/vec4 v0x620121dd5000_0;
    %pad/u 32;
    %store/vec4 v0x620121d6dbd0_0, 0, 32;
    %pushi/vec4 0, 0, 32;
    %store/vec4 v0x620121dd3db0_0, 0, 32;
    %pushi/str "JAL x0 rd";
    %store/str v0x620121dd3e90_0;
    %fork TD_tb_decoder.check_field, S_0x620121d89100;
    %join;
    %load/vec4 v0x620121dd4dc0_0;
    %store/vec4 v0x620121d6dbd0_0, 0, 32;
    %pushi/vec4 4294967292, 0, 32;
    %store/vec4 v0x620121dd3db0_0, 0, 32;
    %pushi/str "JAL imm = -4 bytes, sign-extended";
    %store/str v0x620121dd3e90_0;
    %fork TD_tb_decoder.check_field, S_0x620121d89100;
    %join;
    %pushi/vec4 4294967295, 0, 32;
    %store/vec4 v0x620121dd4e60_0, 0, 32;
    %delay 1000, 0;
    %vpi_call/w 3 153 "$display", "-- default: unsupported opcode --" {0 0 0};
    %load/vec4 v0x620121dd50d0_0;
    %pad/u 32;
    %store/vec4 v0x620121d6dbd0_0, 0, 32;
    %pushi/vec4 0, 0, 32;
    %store/vec4 v0x620121dd3db0_0, 0, 32;
    %pushi/str "default rs1 = 0";
    %store/str v0x620121dd3e90_0;
    %fork TD_tb_decoder.check_field, S_0x620121d89100;
    %join;
    %load/vec4 v0x620121dd51a0_0;
    %pad/u 32;
    %store/vec4 v0x620121d6dbd0_0, 0, 32;
    %pushi/vec4 0, 0, 32;
    %store/vec4 v0x620121dd3db0_0, 0, 32;
    %pushi/str "default rs2 = 0";
    %store/str v0x620121dd3e90_0;
    %fork TD_tb_decoder.check_field, S_0x620121d89100;
    %join;
    %load/vec4 v0x620121dd5000_0;
    %pad/u 32;
    %store/vec4 v0x620121d6dbd0_0, 0, 32;
    %pushi/vec4 0, 0, 32;
    %store/vec4 v0x620121dd3db0_0, 0, 32;
    %pushi/str "default rd = 0";
    %store/str v0x620121dd3e90_0;
    %fork TD_tb_decoder.check_field, S_0x620121d89100;
    %join;
    %load/vec4 v0x620121dd4c20_0;
    %pad/u 32;
    %store/vec4 v0x620121d6dbd0_0, 0, 32;
    %pushi/vec4 0, 0, 32;
    %store/vec4 v0x620121dd3db0_0, 0, 32;
    %pushi/str "default funct3 = 0";
    %store/str v0x620121dd3e90_0;
    %fork TD_tb_decoder.check_field, S_0x620121d89100;
    %join;
    %load/vec4 v0x620121dd4cf0_0;
    %pad/u 32;
    %store/vec4 v0x620121d6dbd0_0, 0, 32;
    %pushi/vec4 0, 0, 32;
    %store/vec4 v0x620121dd3db0_0, 0, 32;
    %pushi/str "default funct7 = 0";
    %store/str v0x620121dd3e90_0;
    %fork TD_tb_decoder.check_field, S_0x620121d89100;
    %join;
    %load/vec4 v0x620121dd4dc0_0;
    %store/vec4 v0x620121d6dbd0_0, 0, 32;
    %pushi/vec4 0, 0, 32;
    %store/vec4 v0x620121dd3db0_0, 0, 32;
    %pushi/str "default imm = 0";
    %store/str v0x620121dd3e90_0;
    %fork TD_tb_decoder.check_field, S_0x620121d89100;
    %join;
    %vpi_call/w 3 161 "$display", "=== tb_decoder: %0d checks, %0d errors ===", v0x620121dd4a40_0, v0x620121dd4b40_0 {0 0 0};
    %load/vec4 v0x620121dd4b40_0;
    %cmpi/e 0, 0, 32;
    %jmp/0xz  T_3.0, 4;
    %vpi_call/w 3 162 "$display", "*** TB_DECODER: ALL TESTS PASSED ***" {0 0 0};
    %jmp T_3.1;
T_3.0 ;
    %vpi_call/w 3 163 "$display", "*** TB_DECODER: %0d TEST(S) FAILED ***", v0x620121dd4b40_0 {0 0 0};
T_3.1 ;
    %vpi_call/w 3 164 "$finish" {0 0 0};
    %end;
    .thread T_3;
# The file index is used to find the file name in the following table.
:file_names 5;
    "N/A";
    "<interactive>";
    "-";
    "tb/tb_decoder.v";
    "decoder.v";
