#! /usr/bin/vvp
:ivl_version "12.0 (stable)";
:ivl_delay_selection "TYPICAL";
:vpi_time_precision - 12;
:vpi_module "/usr/lib/x86_64-linux-gnu/ivl/system.vpi";
:vpi_module "/usr/lib/x86_64-linux-gnu/ivl/vhdl_sys.vpi";
:vpi_module "/usr/lib/x86_64-linux-gnu/ivl/vhdl_textio.vpi";
:vpi_module "/usr/lib/x86_64-linux-gnu/ivl/v2005_math.vpi";
:vpi_module "/usr/lib/x86_64-linux-gnu/ivl/va_math.vpi";
:vpi_module "/usr/lib/x86_64-linux-gnu/ivl/v2009.vpi";
S_0x5dd58a904410 .scope package, "$unit" "$unit" 2 1;
 .timescale 0 0;
S_0x5dd58a9045a0 .scope module, "tb_next_pc_logic" "tb_next_pc_logic" 3 10;
 .timescale -9 -12;
v0x5dd58a938070_0 .var "Branch", 0 0;
v0x5dd58a938130_0 .var "Jump", 0 0;
v0x5dd58a9381d0_0 .var "JumpType", 0 0;
v0x5dd58a9382d0_0 .var "PC", 31 0;
v0x5dd58a9383a0_0 .var "alu_result", 31 0;
v0x5dd58a938440_0 .var/i "checks", 31 0;
v0x5dd58a9384e0_0 .var/i "errors", 31 0;
v0x5dd58a938580_0 .var "funct3", 2 0;
v0x5dd58a938670_0 .var "imm", 31 0;
v0x5dd58a9387d0_0 .net "next_pc", 31 0, v0x5dd58a937db0_0;  1 drivers
v0x5dd58a9388a0_0 .var "zero", 0 0;
S_0x5dd58a902a80 .scope task, "check" "check" 3 33, 3 33 0, S_0x5dd58a9045a0;
 .timescale -9 -12;
v0x5dd58a902c10_0 .var "exp", 31 0;
v0x5dd58a9372a0_0 .var/str "name";
TD_tb_next_pc_logic.check ;
    %load/vec4 v0x5dd58a938440_0;
    %addi 1, 0, 32;
    %store/vec4 v0x5dd58a938440_0, 0, 32;
    %load/vec4 v0x5dd58a9387d0_0;
    %load/vec4 v0x5dd58a902c10_0;
    %cmp/ne;
    %jmp/0xz  T_0.0, 6;
    %load/vec4 v0x5dd58a9384e0_0;
    %addi 1, 0, 32;
    %store/vec4 v0x5dd58a9384e0_0, 0, 32;
    %vpi_call/w 3 38 "$display", "FAIL [%0d] %0s: next_pc=%h (expected %h)", v0x5dd58a938440_0, v0x5dd58a9372a0_0, v0x5dd58a9387d0_0, v0x5dd58a902c10_0 {0 0 0};
    %jmp T_0.1;
T_0.0 ;
    %vpi_call/w 3 41 "$display", "PASS [%0d] %0s: next_pc=%h", v0x5dd58a938440_0, v0x5dd58a9372a0_0, v0x5dd58a9387d0_0 {0 0 0};
T_0.1 ;
    %end;
S_0x5dd58a937360 .scope module, "dut" "next_pc_logic" 3 21, 4 1 0, S_0x5dd58a9045a0;
 .timescale 0 0;
    .port_info 0 /INPUT 32 "PC";
    .port_info 1 /INPUT 32 "imm";
    .port_info 2 /INPUT 32 "alu_result";
    .port_info 3 /INPUT 1 "zero";
    .port_info 4 /INPUT 3 "funct3";
    .port_info 5 /INPUT 1 "Branch";
    .port_info 6 /INPUT 1 "Jump";
    .port_info 7 /INPUT 1 "JumpType";
    .port_info 8 /OUTPUT 32 "next_pc";
v0x5dd58a9376e0_0 .net "Branch", 0 0, v0x5dd58a938070_0;  1 drivers
v0x5dd58a9377c0_0 .net "Jump", 0 0, v0x5dd58a938130_0;  1 drivers
v0x5dd58a937880_0 .net "JumpType", 0 0, v0x5dd58a9381d0_0;  1 drivers
v0x5dd58a937920_0 .net "PC", 31 0, v0x5dd58a9382d0_0;  1 drivers
v0x5dd58a937a00_0 .net "alu_result", 31 0, v0x5dd58a9383a0_0;  1 drivers
v0x5dd58a937b30_0 .var "branch_taken", 0 0;
v0x5dd58a937bf0_0 .net "funct3", 2 0, v0x5dd58a938580_0;  1 drivers
v0x5dd58a937cd0_0 .net "imm", 31 0, v0x5dd58a938670_0;  1 drivers
v0x5dd58a937db0_0 .var "next_pc", 31 0;
v0x5dd58a937e90_0 .net "zero", 0 0, v0x5dd58a9388a0_0;  1 drivers
E_0x5dd58a8ccf00/0 .event anyedge, v0x5dd58a937bf0_0, v0x5dd58a937e90_0, v0x5dd58a9377c0_0, v0x5dd58a937880_0;
E_0x5dd58a8ccf00/1 .event anyedge, v0x5dd58a937a00_0, v0x5dd58a937920_0, v0x5dd58a937cd0_0, v0x5dd58a9376e0_0;
E_0x5dd58a8ccf00/2 .event anyedge, v0x5dd58a937b30_0;
E_0x5dd58a8ccf00 .event/or E_0x5dd58a8ccf00/0, E_0x5dd58a8ccf00/1, E_0x5dd58a8ccf00/2;
    .scope S_0x5dd58a937360;
T_1 ;
    %wait E_0x5dd58a8ccf00;
    %load/vec4 v0x5dd58a937bf0_0;
    %parti/s 1, 0, 2;
    %pad/u 32;
    %cmpi/e 0, 0, 32;
    %flag_mov 8, 4;
    %jmp/0 T_1.0, 8;
    %load/vec4 v0x5dd58a937e90_0;
    %jmp/1 T_1.1, 8;
T_1.0 ; End of true expr.
    %load/vec4 v0x5dd58a937e90_0;
    %inv;
    %jmp/0 T_1.1, 8;
 ; End of false expr.
    %blend;
T_1.1;
    %store/vec4 v0x5dd58a937b30_0, 0, 1;
    %load/vec4 v0x5dd58a9377c0_0;
    %flag_set/vec4 8;
    %jmp/0xz  T_1.2, 8;
    %load/vec4 v0x5dd58a937880_0;
    %flag_set/vec4 8;
    %jmp/0 T_1.4, 8;
    %load/vec4 v0x5dd58a937a00_0;
    %jmp/1 T_1.5, 8;
T_1.4 ; End of true expr.
    %load/vec4 v0x5dd58a937920_0;
    %load/vec4 v0x5dd58a937cd0_0;
    %add;
    %jmp/0 T_1.5, 8;
 ; End of false expr.
    %blend;
T_1.5;
    %store/vec4 v0x5dd58a937db0_0, 0, 32;
    %jmp T_1.3;
T_1.2 ;
    %load/vec4 v0x5dd58a9376e0_0;
    %flag_set/vec4 9;
    %flag_get/vec4 9;
    %jmp/0 T_1.8, 9;
    %load/vec4 v0x5dd58a937b30_0;
    %and;
T_1.8;
    %flag_set/vec4 8;
    %jmp/0xz  T_1.6, 8;
    %load/vec4 v0x5dd58a937920_0;
    %load/vec4 v0x5dd58a937cd0_0;
    %add;
    %store/vec4 v0x5dd58a937db0_0, 0, 32;
    %jmp T_1.7;
T_1.6 ;
    %load/vec4 v0x5dd58a937920_0;
    %addi 4, 0, 32;
    %store/vec4 v0x5dd58a937db0_0, 0, 32;
T_1.7 ;
T_1.3 ;
    %jmp T_1;
    .thread T_1, $push;
    .scope S_0x5dd58a9045a0;
T_2 ;
    %pushi/vec4 0, 0, 32;
    %store/vec4 v0x5dd58a9384e0_0, 0, 32;
    %pushi/vec4 0, 0, 32;
    %store/vec4 v0x5dd58a938440_0, 0, 32;
    %end;
    .thread T_2, $init;
    .scope S_0x5dd58a9045a0;
T_3 ;
    %vpi_call/w 3 47 "$display", "=== tb_next_pc_logic: starting ===" {0 0 0};
    %pushi/vec4 4096, 0, 32;
    %store/vec4 v0x5dd58a9382d0_0, 0, 32;
    %pushi/vec4 256, 0, 32;
    %store/vec4 v0x5dd58a938670_0, 0, 32;
    %pushi/vec4 4294901760, 0, 32;
    %store/vec4 v0x5dd58a9383a0_0, 0, 32;
    %pushi/vec4 0, 0, 1;
    %store/vec4 v0x5dd58a9388a0_0, 0, 1;
    %pushi/vec4 0, 0, 3;
    %store/vec4 v0x5dd58a938580_0, 0, 3;
    %pushi/vec4 0, 0, 1;
    %store/vec4 v0x5dd58a938070_0, 0, 1;
    %pushi/vec4 0, 0, 1;
    %store/vec4 v0x5dd58a938130_0, 0, 1;
    %pushi/vec4 0, 0, 1;
    %store/vec4 v0x5dd58a9381d0_0, 0, 1;
    %delay 1000, 0;
    %pushi/vec4 4100, 0, 32;
    %store/vec4 v0x5dd58a902c10_0, 0, 32;
    %pushi/str "no Jump/Branch -> PC+4";
    %store/str v0x5dd58a9372a0_0;
    %fork TD_tb_next_pc_logic.check, S_0x5dd58a902a80;
    %join;
    %pushi/vec4 8192, 0, 32;
    %store/vec4 v0x5dd58a9382d0_0, 0, 32;
    %pushi/vec4 64, 0, 32;
    %store/vec4 v0x5dd58a938670_0, 0, 32;
    %pushi/vec4 0, 0, 1;
    %store/vec4 v0x5dd58a9388a0_0, 0, 1;
    %pushi/vec4 0, 0, 3;
    %store/vec4 v0x5dd58a938580_0, 0, 3;
    %pushi/vec4 1, 0, 1;
    %store/vec4 v0x5dd58a938070_0, 0, 1;
    %pushi/vec4 0, 0, 1;
    %store/vec4 v0x5dd58a938130_0, 0, 1;
    %delay 1000, 0;
    %pushi/vec4 8196, 0, 32;
    %store/vec4 v0x5dd58a902c10_0, 0, 32;
    %pushi/str "BEQ not taken (zero=0) -> PC+4";
    %store/str v0x5dd58a9372a0_0;
    %fork TD_tb_next_pc_logic.check, S_0x5dd58a902a80;
    %join;
    %pushi/vec4 8192, 0, 32;
    %store/vec4 v0x5dd58a9382d0_0, 0, 32;
    %pushi/vec4 64, 0, 32;
    %store/vec4 v0x5dd58a938670_0, 0, 32;
    %pushi/vec4 1, 0, 1;
    %store/vec4 v0x5dd58a9388a0_0, 0, 1;
    %pushi/vec4 0, 0, 3;
    %store/vec4 v0x5dd58a938580_0, 0, 3;
    %pushi/vec4 1, 0, 1;
    %store/vec4 v0x5dd58a938070_0, 0, 1;
    %pushi/vec4 0, 0, 1;
    %store/vec4 v0x5dd58a938130_0, 0, 1;
    %delay 1000, 0;
    %pushi/vec4 8256, 0, 32;
    %store/vec4 v0x5dd58a902c10_0, 0, 32;
    %pushi/str "BEQ taken (zero=1) -> PC+imm";
    %store/str v0x5dd58a9372a0_0;
    %fork TD_tb_next_pc_logic.check, S_0x5dd58a902a80;
    %join;
    %pushi/vec4 12288, 0, 32;
    %store/vec4 v0x5dd58a9382d0_0, 0, 32;
    %pushi/vec4 4294967288, 0, 32;
    %store/vec4 v0x5dd58a938670_0, 0, 32;
    %pushi/vec4 0, 0, 1;
    %store/vec4 v0x5dd58a9388a0_0, 0, 1;
    %pushi/vec4 1, 0, 3;
    %store/vec4 v0x5dd58a938580_0, 0, 3;
    %pushi/vec4 1, 0, 1;
    %store/vec4 v0x5dd58a938070_0, 0, 1;
    %pushi/vec4 0, 0, 1;
    %store/vec4 v0x5dd58a938130_0, 0, 1;
    %delay 1000, 0;
    %pushi/vec4 12280, 0, 32;
    %store/vec4 v0x5dd58a902c10_0, 0, 32;
    %pushi/str "BNE taken (zero=0) -> PC+imm (negative offset, backward branch)";
    %store/str v0x5dd58a9372a0_0;
    %fork TD_tb_next_pc_logic.check, S_0x5dd58a902a80;
    %join;
    %pushi/vec4 12288, 0, 32;
    %store/vec4 v0x5dd58a9382d0_0, 0, 32;
    %pushi/vec4 4294967288, 0, 32;
    %store/vec4 v0x5dd58a938670_0, 0, 32;
    %pushi/vec4 1, 0, 1;
    %store/vec4 v0x5dd58a9388a0_0, 0, 1;
    %pushi/vec4 1, 0, 3;
    %store/vec4 v0x5dd58a938580_0, 0, 3;
    %pushi/vec4 1, 0, 1;
    %store/vec4 v0x5dd58a938070_0, 0, 1;
    %pushi/vec4 0, 0, 1;
    %store/vec4 v0x5dd58a938130_0, 0, 1;
    %delay 1000, 0;
    %pushi/vec4 12292, 0, 32;
    %store/vec4 v0x5dd58a902c10_0, 0, 32;
    %pushi/str "BNE not taken (zero=1, operands equal) -> PC+4";
    %store/str v0x5dd58a9372a0_0;
    %fork TD_tb_next_pc_logic.check, S_0x5dd58a902a80;
    %join;
    %pushi/vec4 16384, 0, 32;
    %store/vec4 v0x5dd58a9382d0_0, 0, 32;
    %pushi/vec4 512, 0, 32;
    %store/vec4 v0x5dd58a938670_0, 0, 32;
    %pushi/vec4 3134241488, 0, 32;
    %store/vec4 v0x5dd58a9383a0_0, 0, 32;
    %pushi/vec4 1, 0, 1;
    %store/vec4 v0x5dd58a938130_0, 0, 1;
    %pushi/vec4 0, 0, 1;
    %store/vec4 v0x5dd58a9381d0_0, 0, 1;
    %pushi/vec4 0, 0, 1;
    %store/vec4 v0x5dd58a938070_0, 0, 1;
    %delay 1000, 0;
    %pushi/vec4 16896, 0, 32;
    %store/vec4 v0x5dd58a902c10_0, 0, 32;
    %pushi/str "JAL: target = PC + imm (alu_result ignored)";
    %store/str v0x5dd58a9372a0_0;
    %fork TD_tb_next_pc_logic.check, S_0x5dd58a902a80;
    %join;
    %pushi/vec4 20480, 0, 32;
    %store/vec4 v0x5dd58a9382d0_0, 0, 32;
    %pushi/vec4 57005, 0, 32;
    %store/vec4 v0x5dd58a938670_0, 0, 32;
    %pushi/vec4 24576, 0, 32;
    %store/vec4 v0x5dd58a9383a0_0, 0, 32;
    %pushi/vec4 1, 0, 1;
    %store/vec4 v0x5dd58a938130_0, 0, 1;
    %pushi/vec4 1, 0, 1;
    %store/vec4 v0x5dd58a9381d0_0, 0, 1;
    %pushi/vec4 0, 0, 1;
    %store/vec4 v0x5dd58a938070_0, 0, 1;
    %delay 1000, 0;
    %pushi/vec4 24576, 0, 32;
    %store/vec4 v0x5dd58a902c10_0, 0, 32;
    %pushi/str "JALR: target = alu_result (PC/imm not used directly)";
    %store/str v0x5dd58a9372a0_0;
    %fork TD_tb_next_pc_logic.check, S_0x5dd58a902a80;
    %join;
    %pushi/vec4 28672, 0, 32;
    %store/vec4 v0x5dd58a9382d0_0, 0, 32;
    %pushi/vec4 16, 0, 32;
    %store/vec4 v0x5dd58a938670_0, 0, 32;
    %pushi/vec4 2576941056, 0, 32;
    %store/vec4 v0x5dd58a9383a0_0, 0, 32;
    %pushi/vec4 1, 0, 1;
    %store/vec4 v0x5dd58a9388a0_0, 0, 1;
    %pushi/vec4 0, 0, 3;
    %store/vec4 v0x5dd58a938580_0, 0, 3;
    %pushi/vec4 1, 0, 1;
    %store/vec4 v0x5dd58a938070_0, 0, 1;
    %pushi/vec4 1, 0, 1;
    %store/vec4 v0x5dd58a938130_0, 0, 1;
    %pushi/vec4 1, 0, 1;
    %store/vec4 v0x5dd58a9381d0_0, 0, 1;
    %delay 1000, 0;
    %pushi/vec4 2576941056, 0, 32;
    %store/vec4 v0x5dd58a902c10_0, 0, 32;
    %pushi/str "Jump takes priority over Branch when both asserted";
    %store/str v0x5dd58a9372a0_0;
    %fork TD_tb_next_pc_logic.check, S_0x5dd58a902a80;
    %join;
    %pushi/vec4 32768, 0, 32;
    %store/vec4 v0x5dd58a9382d0_0, 0, 32;
    %pushi/vec4 0, 0, 32;
    %store/vec4 v0x5dd58a9383a0_0, 0, 32;
    %pushi/vec4 1, 0, 1;
    %store/vec4 v0x5dd58a938130_0, 0, 1;
    %pushi/vec4 1, 0, 1;
    %store/vec4 v0x5dd58a9381d0_0, 0, 1;
    %pushi/vec4 0, 0, 1;
    %store/vec4 v0x5dd58a938070_0, 0, 1;
    %delay 1000, 0;
    %pushi/vec4 0, 0, 32;
    %store/vec4 v0x5dd58a902c10_0, 0, 32;
    %pushi/str "JALR target can be address 0";
    %store/str v0x5dd58a9372a0_0;
    %fork TD_tb_next_pc_logic.check, S_0x5dd58a902a80;
    %join;
    %pushi/vec4 40960, 0, 32;
    %store/vec4 v0x5dd58a9382d0_0, 0, 32;
    %pushi/vec4 0, 0, 32;
    %store/vec4 v0x5dd58a938670_0, 0, 32;
    %pushi/vec4 1, 0, 1;
    %store/vec4 v0x5dd58a9388a0_0, 0, 1;
    %pushi/vec4 0, 0, 3;
    %store/vec4 v0x5dd58a938580_0, 0, 3;
    %pushi/vec4 0, 0, 1;
    %store/vec4 v0x5dd58a938130_0, 0, 1;
    %pushi/vec4 1, 0, 1;
    %store/vec4 v0x5dd58a938070_0, 0, 1;
    %delay 1000, 0;
    %pushi/vec4 40960, 0, 32;
    %store/vec4 v0x5dd58a902c10_0, 0, 32;
    %pushi/str "BEQ taken with imm=0 -> next_pc = PC (self-loop)";
    %store/str v0x5dd58a9372a0_0;
    %fork TD_tb_next_pc_logic.check, S_0x5dd58a902a80;
    %join;
    %vpi_call/w 3 100 "$display", "=== tb_next_pc_logic: %0d checks, %0d errors ===", v0x5dd58a938440_0, v0x5dd58a9384e0_0 {0 0 0};
    %load/vec4 v0x5dd58a9384e0_0;
    %cmpi/e 0, 0, 32;
    %jmp/0xz  T_3.0, 4;
    %vpi_call/w 3 101 "$display", "*** TB_NEXT_PC_LOGIC: ALL TESTS PASSED ***" {0 0 0};
    %jmp T_3.1;
T_3.0 ;
    %vpi_call/w 3 102 "$display", "*** TB_NEXT_PC_LOGIC: %0d TEST(S) FAILED ***", v0x5dd58a9384e0_0 {0 0 0};
T_3.1 ;
    %vpi_call/w 3 103 "$finish" {0 0 0};
    %end;
    .thread T_3;
# The file index is used to find the file name in the following table.
:file_names 5;
    "N/A";
    "<interactive>";
    "-";
    "tb/tb_next_pc_logic.v";
    "next_pc_logic.v";
