#! /usr/bin/vvp
:ivl_version "12.0 (stable)";
:ivl_delay_selection "TYPICAL";
:vpi_time_precision - 12;
:vpi_module "/usr/lib/x86_64-linux-gnu/ivl/system.vpi";
:vpi_module "/usr/lib/x86_64-linux-gnu/ivl/vhdl_sys.vpi";
:vpi_module "/usr/lib/x86_64-linux-gnu/ivl/vhdl_textio.vpi";
:vpi_module "/usr/lib/x86_64-linux-gnu/ivl/v2005_math.vpi";
:vpi_module "/usr/lib/x86_64-linux-gnu/ivl/va_math.vpi";
:vpi_module "/usr/lib/x86_64-linux-gnu/ivl/v2009.vpi";
S_0x5c151be1b6e0 .scope package, "$unit" "$unit" 2 1;
 .timescale 0 0;
S_0x5c151be0aaa0 .scope module, "tb_regfile" "tb_regfile" 3 11;
 .timescale -9 -12;
v0x5c151be3d7f0_0 .var/i "checks", 31 0;
v0x5c151be3d8f0_0 .var "clk", 0 0;
v0x5c151be3d9b0_0 .var/i "errors", 31 0;
v0x5c151be3da50_0 .var "rd", 4 0;
v0x5c151be3daf0_0 .net "rdata1", 31 0, v0x5c151be3c990_0;  1 drivers
v0x5c151be3dbe0_0 .net "rdata2", 31 0, v0x5c151be3ca50_0;  1 drivers
v0x5c151be3dcb0_0 .var "rs1", 4 0;
v0x5c151be3dd80_0 .var "rs2", 4 0;
v0x5c151be3de50_0 .var "wdata", 31 0;
v0x5c151be3dfb0_0 .var "we", 0 0;
S_0x5c151be0ac30 .scope task, "check1" "check1" 3 34, 3 34 0, S_0x5c151be0aaa0;
 .timescale -9 -12;
v0x5c151bdf9f00_0 .var "actual", 31 0;
v0x5c151be03950_0 .var "exp", 31 0;
v0x5c151bdf84b0_0 .var/str "name";
TD_tb_regfile.check1 ;
    %load/vec4 v0x5c151be3d7f0_0;
    %addi 1, 0, 32;
    %store/vec4 v0x5c151be3d7f0_0, 0, 32;
    %load/vec4 v0x5c151bdf9f00_0;
    %load/vec4 v0x5c151be03950_0;
    %cmp/ne;
    %jmp/0xz  T_0.0, 6;
    %load/vec4 v0x5c151be3d9b0_0;
    %addi 1, 0, 32;
    %store/vec4 v0x5c151be3d9b0_0, 0, 32;
    %vpi_call/w 3 39 "$display", "FAIL [%0d] %0s: got=%h expected=%h", v0x5c151be3d7f0_0, v0x5c151bdf84b0_0, v0x5c151bdf9f00_0, v0x5c151be03950_0 {0 0 0};
    %jmp T_0.1;
T_0.0 ;
    %vpi_call/w 3 42 "$display", "PASS [%0d] %0s: %h", v0x5c151be3d7f0_0, v0x5c151bdf84b0_0, v0x5c151bdf9f00_0 {0 0 0};
T_0.1 ;
    %end;
S_0x5c151be3c370 .scope module, "dut" "regfile" 3 21, 4 1 0, S_0x5c151be0aaa0;
 .timescale 0 0;
    .port_info 0 /INPUT 1 "clk";
    .port_info 1 /INPUT 1 "we";
    .port_info 2 /INPUT 5 "rs1";
    .port_info 3 /INPUT 5 "rs2";
    .port_info 4 /INPUT 5 "rd";
    .port_info 5 /INPUT 32 "wdata";
    .port_info 6 /OUTPUT 32 "rdata1";
    .port_info 7 /OUTPUT 32 "rdata2";
v0x5c151be3c7d0_0 .net "clk", 0 0, v0x5c151be3d8f0_0;  1 drivers
v0x5c151be3c8b0_0 .net "rd", 4 0, v0x5c151be3da50_0;  1 drivers
v0x5c151be3c990_0 .var "rdata1", 31 0;
v0x5c151be3ca50_0 .var "rdata2", 31 0;
v0x5c151be3cb30_0 .net "rs1", 4 0, v0x5c151be3dcb0_0;  1 drivers
v0x5c151be3cc60_0 .net "rs2", 4 0, v0x5c151be3dd80_0;  1 drivers
v0x5c151be3cd40 .array "sdata", 0 31, 31 0;
v0x5c151be3d200_0 .net "wdata", 31 0, v0x5c151be3de50_0;  1 drivers
v0x5c151be3d2e0_0 .net "we", 0 0, v0x5c151be3dfb0_0;  1 drivers
E_0x5c151be09180 .event posedge, v0x5c151be3c7d0_0;
v0x5c151be3cd40_0 .array/port v0x5c151be3cd40, 0;
v0x5c151be3cd40_1 .array/port v0x5c151be3cd40, 1;
v0x5c151be3cd40_2 .array/port v0x5c151be3cd40, 2;
E_0x5c151be08320/0 .event anyedge, v0x5c151be3cb30_0, v0x5c151be3cd40_0, v0x5c151be3cd40_1, v0x5c151be3cd40_2;
v0x5c151be3cd40_3 .array/port v0x5c151be3cd40, 3;
v0x5c151be3cd40_4 .array/port v0x5c151be3cd40, 4;
v0x5c151be3cd40_5 .array/port v0x5c151be3cd40, 5;
v0x5c151be3cd40_6 .array/port v0x5c151be3cd40, 6;
E_0x5c151be08320/1 .event anyedge, v0x5c151be3cd40_3, v0x5c151be3cd40_4, v0x5c151be3cd40_5, v0x5c151be3cd40_6;
v0x5c151be3cd40_7 .array/port v0x5c151be3cd40, 7;
v0x5c151be3cd40_8 .array/port v0x5c151be3cd40, 8;
v0x5c151be3cd40_9 .array/port v0x5c151be3cd40, 9;
v0x5c151be3cd40_10 .array/port v0x5c151be3cd40, 10;
E_0x5c151be08320/2 .event anyedge, v0x5c151be3cd40_7, v0x5c151be3cd40_8, v0x5c151be3cd40_9, v0x5c151be3cd40_10;
v0x5c151be3cd40_11 .array/port v0x5c151be3cd40, 11;
v0x5c151be3cd40_12 .array/port v0x5c151be3cd40, 12;
v0x5c151be3cd40_13 .array/port v0x5c151be3cd40, 13;
v0x5c151be3cd40_14 .array/port v0x5c151be3cd40, 14;
E_0x5c151be08320/3 .event anyedge, v0x5c151be3cd40_11, v0x5c151be3cd40_12, v0x5c151be3cd40_13, v0x5c151be3cd40_14;
v0x5c151be3cd40_15 .array/port v0x5c151be3cd40, 15;
v0x5c151be3cd40_16 .array/port v0x5c151be3cd40, 16;
v0x5c151be3cd40_17 .array/port v0x5c151be3cd40, 17;
v0x5c151be3cd40_18 .array/port v0x5c151be3cd40, 18;
E_0x5c151be08320/4 .event anyedge, v0x5c151be3cd40_15, v0x5c151be3cd40_16, v0x5c151be3cd40_17, v0x5c151be3cd40_18;
v0x5c151be3cd40_19 .array/port v0x5c151be3cd40, 19;
v0x5c151be3cd40_20 .array/port v0x5c151be3cd40, 20;
v0x5c151be3cd40_21 .array/port v0x5c151be3cd40, 21;
v0x5c151be3cd40_22 .array/port v0x5c151be3cd40, 22;
E_0x5c151be08320/5 .event anyedge, v0x5c151be3cd40_19, v0x5c151be3cd40_20, v0x5c151be3cd40_21, v0x5c151be3cd40_22;
v0x5c151be3cd40_23 .array/port v0x5c151be3cd40, 23;
v0x5c151be3cd40_24 .array/port v0x5c151be3cd40, 24;
v0x5c151be3cd40_25 .array/port v0x5c151be3cd40, 25;
v0x5c151be3cd40_26 .array/port v0x5c151be3cd40, 26;
E_0x5c151be08320/6 .event anyedge, v0x5c151be3cd40_23, v0x5c151be3cd40_24, v0x5c151be3cd40_25, v0x5c151be3cd40_26;
v0x5c151be3cd40_27 .array/port v0x5c151be3cd40, 27;
v0x5c151be3cd40_28 .array/port v0x5c151be3cd40, 28;
v0x5c151be3cd40_29 .array/port v0x5c151be3cd40, 29;
v0x5c151be3cd40_30 .array/port v0x5c151be3cd40, 30;
E_0x5c151be08320/7 .event anyedge, v0x5c151be3cd40_27, v0x5c151be3cd40_28, v0x5c151be3cd40_29, v0x5c151be3cd40_30;
v0x5c151be3cd40_31 .array/port v0x5c151be3cd40, 31;
E_0x5c151be08320/8 .event anyedge, v0x5c151be3cd40_31, v0x5c151be3cc60_0;
E_0x5c151be08320 .event/or E_0x5c151be08320/0, E_0x5c151be08320/1, E_0x5c151be08320/2, E_0x5c151be08320/3, E_0x5c151be08320/4, E_0x5c151be08320/5, E_0x5c151be08320/6, E_0x5c151be08320/7, E_0x5c151be08320/8;
S_0x5c151be3d4a0 .scope task, "write_reg" "write_reg" 3 47, 3 47 0, S_0x5c151be0aaa0;
 .timescale -9 -12;
v0x5c151be3d630_0 .var "addr", 4 0;
v0x5c151be3d710_0 .var "data", 31 0;
TD_tb_regfile.write_reg ;
    %load/vec4 v0x5c151be3d630_0;
    %store/vec4 v0x5c151be3da50_0, 0, 5;
    %load/vec4 v0x5c151be3d710_0;
    %store/vec4 v0x5c151be3de50_0, 0, 32;
    %pushi/vec4 1, 0, 1;
    %store/vec4 v0x5c151be3dfb0_0, 0, 1;
    %wait E_0x5c151be09180;
    %delay 1000, 0;
    %pushi/vec4 0, 0, 1;
    %store/vec4 v0x5c151be3dfb0_0, 0, 1;
    %end;
    .scope S_0x5c151be3c370;
T_2 ;
    %wait E_0x5c151be08320;
    %load/vec4 v0x5c151be3cb30_0;
    %cmpi/e 0, 0, 5;
    %flag_mov 8, 4;
    %jmp/0 T_2.0, 8;
    %pushi/vec4 0, 0, 32;
    %jmp/1 T_2.1, 8;
T_2.0 ; End of true expr.
    %load/vec4 v0x5c151be3cb30_0;
    %pad/u 7;
    %ix/vec4 4;
    %load/vec4a v0x5c151be3cd40, 4;
    %jmp/0 T_2.1, 8;
 ; End of false expr.
    %blend;
T_2.1;
    %store/vec4 v0x5c151be3c990_0, 0, 32;
    %load/vec4 v0x5c151be3cc60_0;
    %cmpi/e 0, 0, 5;
    %flag_mov 8, 4;
    %jmp/0 T_2.2, 8;
    %pushi/vec4 0, 0, 32;
    %jmp/1 T_2.3, 8;
T_2.2 ; End of true expr.
    %load/vec4 v0x5c151be3cc60_0;
    %pad/u 7;
    %ix/vec4 4;
    %load/vec4a v0x5c151be3cd40, 4;
    %jmp/0 T_2.3, 8;
 ; End of false expr.
    %blend;
T_2.3;
    %store/vec4 v0x5c151be3ca50_0, 0, 32;
    %jmp T_2;
    .thread T_2, $push;
    .scope S_0x5c151be3c370;
T_3 ;
    %wait E_0x5c151be09180;
    %load/vec4 v0x5c151be3d2e0_0;
    %flag_set/vec4 9;
    %flag_get/vec4 9;
    %jmp/0 T_3.2, 9;
    %load/vec4 v0x5c151be3c8b0_0;
    %pushi/vec4 0, 0, 5;
    %cmp/ne;
    %flag_get/vec4 4;
    %and;
T_3.2;
    %flag_set/vec4 8;
    %jmp/0xz  T_3.0, 8;
    %load/vec4 v0x5c151be3d200_0;
    %load/vec4 v0x5c151be3c8b0_0;
    %pad/u 7;
    %ix/vec4 3;
    %ix/load 4, 0, 0; Constant delay
    %assign/vec4/a/d v0x5c151be3cd40, 0, 4;
T_3.0 ;
    %jmp T_3;
    .thread T_3;
    .scope S_0x5c151be0aaa0;
T_4 ;
    %pushi/vec4 0, 0, 32;
    %store/vec4 v0x5c151be3d9b0_0, 0, 32;
    %pushi/vec4 0, 0, 32;
    %store/vec4 v0x5c151be3d7f0_0, 0, 32;
    %end;
    .thread T_4, $init;
    .scope S_0x5c151be0aaa0;
T_5 ;
    %delay 5000, 0;
    %load/vec4 v0x5c151be3d8f0_0;
    %inv;
    %store/vec4 v0x5c151be3d8f0_0, 0, 1;
    %jmp T_5;
    .thread T_5;
    .scope S_0x5c151be0aaa0;
T_6 ;
    %vpi_call/w 3 57 "$display", "=== tb_regfile: starting ===" {0 0 0};
    %pushi/vec4 0, 0, 1;
    %store/vec4 v0x5c151be3d8f0_0, 0, 1;
    %pushi/vec4 0, 0, 1;
    %store/vec4 v0x5c151be3dfb0_0, 0, 1;
    %pushi/vec4 0, 0, 5;
    %store/vec4 v0x5c151be3dcb0_0, 0, 5;
    %pushi/vec4 0, 0, 5;
    %store/vec4 v0x5c151be3dd80_0, 0, 5;
    %pushi/vec4 0, 0, 5;
    %store/vec4 v0x5c151be3da50_0, 0, 5;
    %pushi/vec4 0, 0, 32;
    %store/vec4 v0x5c151be3de50_0, 0, 32;
    %delay 1000, 0;
    %pushi/vec4 15, 0, 5;
    %store/vec4 v0x5c151be3dcb0_0, 0, 5;
    %pushi/vec4 31, 0, 5;
    %store/vec4 v0x5c151be3dd80_0, 0, 5;
    %delay 1000, 0;
    %load/vec4 v0x5c151be3daf0_0;
    %store/vec4 v0x5c151bdf9f00_0, 0, 32;
    %pushi/vec4 0, 0, 32;
    %store/vec4 v0x5c151be03950_0, 0, 32;
    %pushi/str "x15 reads 0 after init";
    %store/str v0x5c151bdf84b0_0;
    %fork TD_tb_regfile.check1, S_0x5c151be0ac30;
    %join;
    %load/vec4 v0x5c151be3dbe0_0;
    %store/vec4 v0x5c151bdf9f00_0, 0, 32;
    %pushi/vec4 0, 0, 32;
    %store/vec4 v0x5c151be03950_0, 0, 32;
    %pushi/str "x31 reads 0 after init";
    %store/str v0x5c151bdf84b0_0;
    %fork TD_tb_regfile.check1, S_0x5c151be0ac30;
    %join;
    %pushi/vec4 5, 0, 5;
    %store/vec4 v0x5c151be3d630_0, 0, 5;
    %pushi/vec4 3405691582, 0, 32;
    %store/vec4 v0x5c151be3d710_0, 0, 32;
    %fork TD_tb_regfile.write_reg, S_0x5c151be3d4a0;
    %join;
    %pushi/vec4 5, 0, 5;
    %store/vec4 v0x5c151be3dcb0_0, 0, 5;
    %delay 1000, 0;
    %load/vec4 v0x5c151be3daf0_0;
    %store/vec4 v0x5c151bdf9f00_0, 0, 32;
    %pushi/vec4 3405691582, 0, 32;
    %store/vec4 v0x5c151be03950_0, 0, 32;
    %pushi/str "x5 read-back after write";
    %store/str v0x5c151bdf84b0_0;
    %fork TD_tb_regfile.check1, S_0x5c151be0ac30;
    %join;
    %pushi/vec4 10, 0, 5;
    %store/vec4 v0x5c151be3d630_0, 0, 5;
    %pushi/vec4 305419896, 0, 32;
    %store/vec4 v0x5c151be3d710_0, 0, 32;
    %fork TD_tb_regfile.write_reg, S_0x5c151be3d4a0;
    %join;
    %pushi/vec4 5, 0, 5;
    %store/vec4 v0x5c151be3dcb0_0, 0, 5;
    %pushi/vec4 10, 0, 5;
    %store/vec4 v0x5c151be3dd80_0, 0, 5;
    %delay 1000, 0;
    %load/vec4 v0x5c151be3daf0_0;
    %store/vec4 v0x5c151bdf9f00_0, 0, 32;
    %pushi/vec4 3405691582, 0, 32;
    %store/vec4 v0x5c151be03950_0, 0, 32;
    %pushi/str "x5 unaffected by later write to x10";
    %store/str v0x5c151bdf84b0_0;
    %fork TD_tb_regfile.check1, S_0x5c151be0ac30;
    %join;
    %load/vec4 v0x5c151be3dbe0_0;
    %store/vec4 v0x5c151bdf9f00_0, 0, 32;
    %pushi/vec4 305419896, 0, 32;
    %store/vec4 v0x5c151be03950_0, 0, 32;
    %pushi/str "x10 read-back after write";
    %store/str v0x5c151bdf84b0_0;
    %fork TD_tb_regfile.check1, S_0x5c151be0ac30;
    %join;
    %pushi/vec4 0, 0, 5;
    %store/vec4 v0x5c151be3d630_0, 0, 5;
    %pushi/vec4 4294967295, 0, 32;
    %store/vec4 v0x5c151be3d710_0, 0, 32;
    %fork TD_tb_regfile.write_reg, S_0x5c151be3d4a0;
    %join;
    %pushi/vec4 0, 0, 5;
    %store/vec4 v0x5c151be3dcb0_0, 0, 5;
    %delay 1000, 0;
    %load/vec4 v0x5c151be3daf0_0;
    %store/vec4 v0x5c151bdf9f00_0, 0, 32;
    %pushi/vec4 0, 0, 32;
    %store/vec4 v0x5c151be03950_0, 0, 32;
    %pushi/str "x0 stays 0 even after attempted write";
    %store/str v0x5c151bdf84b0_0;
    %fork TD_tb_regfile.check1, S_0x5c151be0ac30;
    %join;
    %pushi/vec4 20, 0, 5;
    %store/vec4 v0x5c151be3da50_0, 0, 5;
    %pushi/vec4 2863311530, 0, 32;
    %store/vec4 v0x5c151be3de50_0, 0, 32;
    %pushi/vec4 0, 0, 1;
    %store/vec4 v0x5c151be3dfb0_0, 0, 1;
    %wait E_0x5c151be09180;
    %delay 1000, 0;
    %pushi/vec4 20, 0, 5;
    %store/vec4 v0x5c151be3dcb0_0, 0, 5;
    %delay 1000, 0;
    %load/vec4 v0x5c151be3daf0_0;
    %store/vec4 v0x5c151bdf9f00_0, 0, 32;
    %pushi/vec4 0, 0, 32;
    %store/vec4 v0x5c151be03950_0, 0, 32;
    %pushi/str "no write occurs when we=0";
    %store/str v0x5c151bdf84b0_0;
    %fork TD_tb_regfile.check1, S_0x5c151be0ac30;
    %join;
    %pushi/vec4 7, 0, 5;
    %store/vec4 v0x5c151be3d630_0, 0, 5;
    %pushi/vec4 48879, 0, 32;
    %store/vec4 v0x5c151be3d710_0, 0, 32;
    %fork TD_tb_regfile.write_reg, S_0x5c151be3d4a0;
    %join;
    %pushi/vec4 7, 0, 5;
    %store/vec4 v0x5c151be3dcb0_0, 0, 5;
    %pushi/vec4 7, 0, 5;
    %store/vec4 v0x5c151be3dd80_0, 0, 5;
    %delay 1000, 0;
    %load/vec4 v0x5c151be3daf0_0;
    %store/vec4 v0x5c151bdf9f00_0, 0, 32;
    %pushi/vec4 48879, 0, 32;
    %store/vec4 v0x5c151be03950_0, 0, 32;
    %pushi/str "rs1==rs2==x7: rdata1 correct";
    %store/str v0x5c151bdf84b0_0;
    %fork TD_tb_regfile.check1, S_0x5c151be0ac30;
    %join;
    %load/vec4 v0x5c151be3dbe0_0;
    %store/vec4 v0x5c151bdf9f00_0, 0, 32;
    %pushi/vec4 48879, 0, 32;
    %store/vec4 v0x5c151be03950_0, 0, 32;
    %pushi/str "rs1==rs2==x7: rdata2 correct";
    %store/str v0x5c151bdf84b0_0;
    %fork TD_tb_regfile.check1, S_0x5c151be0ac30;
    %join;
    %pushi/vec4 12, 0, 5;
    %store/vec4 v0x5c151be3d630_0, 0, 5;
    %pushi/vec4 286331153, 0, 32;
    %store/vec4 v0x5c151be3d710_0, 0, 32;
    %fork TD_tb_regfile.write_reg, S_0x5c151be3d4a0;
    %join;
    %pushi/vec4 12, 0, 5;
    %store/vec4 v0x5c151be3dcb0_0, 0, 5;
    %pushi/vec4 12, 0, 5;
    %store/vec4 v0x5c151be3da50_0, 0, 5;
    %pushi/vec4 572662306, 0, 32;
    %store/vec4 v0x5c151be3de50_0, 0, 32;
    %pushi/vec4 1, 0, 1;
    %store/vec4 v0x5c151be3dfb0_0, 0, 1;
    %delay 1000, 0;
    %load/vec4 v0x5c151be3daf0_0;
    %store/vec4 v0x5c151bdf9f00_0, 0, 32;
    %pushi/vec4 286331153, 0, 32;
    %store/vec4 v0x5c151be03950_0, 0, 32;
    %pushi/str "read of x12 combinationally shows OLD value while write is pending (pre-edge)";
    %store/str v0x5c151bdf84b0_0;
    %fork TD_tb_regfile.check1, S_0x5c151be0ac30;
    %join;
    %wait E_0x5c151be09180;
    %delay 1000, 0;
    %pushi/vec4 0, 0, 1;
    %store/vec4 v0x5c151be3dfb0_0, 0, 1;
    %pushi/vec4 12, 0, 5;
    %store/vec4 v0x5c151be3dcb0_0, 0, 5;
    %delay 1000, 0;
    %load/vec4 v0x5c151be3daf0_0;
    %store/vec4 v0x5c151bdf9f00_0, 0, 32;
    %pushi/vec4 572662306, 0, 32;
    %store/vec4 v0x5c151be03950_0, 0, 32;
    %pushi/str "x12 shows NEW value after the clock edge completes the write";
    %store/str v0x5c151bdf84b0_0;
    %fork TD_tb_regfile.check1, S_0x5c151be0ac30;
    %join;
    %pushi/vec4 1, 0, 5;
    %store/vec4 v0x5c151be3d630_0, 0, 5;
    %pushi/vec4 1, 0, 32;
    %store/vec4 v0x5c151be3d710_0, 0, 32;
    %fork TD_tb_regfile.write_reg, S_0x5c151be3d4a0;
    %join;
    %pushi/vec4 2, 0, 5;
    %store/vec4 v0x5c151be3d630_0, 0, 5;
    %pushi/vec4 2, 0, 32;
    %store/vec4 v0x5c151be3d710_0, 0, 32;
    %fork TD_tb_regfile.write_reg, S_0x5c151be3d4a0;
    %join;
    %pushi/vec4 31, 0, 5;
    %store/vec4 v0x5c151be3d630_0, 0, 5;
    %pushi/vec4 31, 0, 32;
    %store/vec4 v0x5c151be3d710_0, 0, 32;
    %fork TD_tb_regfile.write_reg, S_0x5c151be3d4a0;
    %join;
    %pushi/vec4 1, 0, 5;
    %store/vec4 v0x5c151be3dcb0_0, 0, 5;
    %pushi/vec4 2, 0, 5;
    %store/vec4 v0x5c151be3dd80_0, 0, 5;
    %delay 1000, 0;
    %load/vec4 v0x5c151be3daf0_0;
    %store/vec4 v0x5c151bdf9f00_0, 0, 32;
    %pushi/vec4 1, 0, 32;
    %store/vec4 v0x5c151be03950_0, 0, 32;
    %pushi/str "x1 retains value after subsequent unrelated writes";
    %store/str v0x5c151bdf84b0_0;
    %fork TD_tb_regfile.check1, S_0x5c151be0ac30;
    %join;
    %load/vec4 v0x5c151be3dbe0_0;
    %store/vec4 v0x5c151bdf9f00_0, 0, 32;
    %pushi/vec4 2, 0, 32;
    %store/vec4 v0x5c151be03950_0, 0, 32;
    %pushi/str "x2 retains value after subsequent unrelated writes";
    %store/str v0x5c151bdf84b0_0;
    %fork TD_tb_regfile.check1, S_0x5c151be0ac30;
    %join;
    %pushi/vec4 31, 0, 5;
    %store/vec4 v0x5c151be3dcb0_0, 0, 5;
    %delay 1000, 0;
    %load/vec4 v0x5c151be3daf0_0;
    %store/vec4 v0x5c151bdf9f00_0, 0, 32;
    %pushi/vec4 31, 0, 32;
    %store/vec4 v0x5c151be03950_0, 0, 32;
    %pushi/str "x31 (highest register) writes/reads correctly";
    %store/str v0x5c151bdf84b0_0;
    %fork TD_tb_regfile.check1, S_0x5c151be0ac30;
    %join;
    %vpi_call/w 3 115 "$display", "=== tb_regfile: %0d checks, %0d errors ===", v0x5c151be3d7f0_0, v0x5c151be3d9b0_0 {0 0 0};
    %load/vec4 v0x5c151be3d9b0_0;
    %cmpi/e 0, 0, 32;
    %jmp/0xz  T_6.0, 4;
    %vpi_call/w 3 116 "$display", "*** TB_REGFILE: ALL TESTS PASSED ***" {0 0 0};
    %jmp T_6.1;
T_6.0 ;
    %vpi_call/w 3 117 "$display", "*** TB_REGFILE: %0d TEST(S) FAILED ***", v0x5c151be3d9b0_0 {0 0 0};
T_6.1 ;
    %vpi_call/w 3 118 "$finish" {0 0 0};
    %end;
    .thread T_6;
# The file index is used to find the file name in the following table.
:file_names 5;
    "N/A";
    "<interactive>";
    "-";
    "tb/tb_regfile.v";
    "regfile.v";
