#! /usr/bin/vvp
:ivl_version "12.0 (stable)";
:ivl_delay_selection "TYPICAL";
:vpi_time_precision - 12;
:vpi_module "/usr/lib/x86_64-linux-gnu/ivl/system.vpi";
:vpi_module "/usr/lib/x86_64-linux-gnu/ivl/vhdl_sys.vpi";
:vpi_module "/usr/lib/x86_64-linux-gnu/ivl/vhdl_textio.vpi";
:vpi_module "/usr/lib/x86_64-linux-gnu/ivl/v2005_math.vpi";
:vpi_module "/usr/lib/x86_64-linux-gnu/ivl/va_math.vpi";
:vpi_module "/usr/lib/x86_64-linux-gnu/ivl/v2009.vpi";
S_0x59ea137cb490 .scope package, "$unit" "$unit" 2 1;
 .timescale 0 0;
S_0x59ea137cb620 .scope module, "tb_writeback_mux" "tb_writeback_mux" 3 9;
 .timescale -9 -12;
v0x59ea13823aa0_0 .var "MemtoReg", 1 0;
v0x59ea13823b80_0 .var "alu_result", 31 0;
v0x59ea13823c50_0 .var/i "checks", 31 0;
v0x59ea13823d20_0 .var "dmem_data", 31 0;
v0x59ea13823e10_0 .var/i "errors", 31 0;
v0x59ea13823ed0_0 .var "pc_plus_4", 31 0;
v0x59ea13823f90_0 .net "wb_data", 31 0, L_0x59ea13824480;  1 drivers
S_0x59ea13805a60 .scope task, "check" "check" 3 26, 3 26 0, S_0x59ea137cb620;
 .timescale -9 -12;
v0x59ea13805c40_0 .var "exp", 31 0;
v0x59ea13822e90_0 .var/str "name";
TD_tb_writeback_mux.check ;
    %load/vec4 v0x59ea13823c50_0;
    %addi 1, 0, 32;
    %store/vec4 v0x59ea13823c50_0, 0, 32;
    %load/vec4 v0x59ea13823f90_0;
    %load/vec4 v0x59ea13805c40_0;
    %cmp/ne;
    %jmp/0xz  T_0.0, 6;
    %load/vec4 v0x59ea13823e10_0;
    %addi 1, 0, 32;
    %store/vec4 v0x59ea13823e10_0, 0, 32;
    %vpi_call/w 3 31 "$display", "FAIL [%0d] %0s: MemtoReg=%b -> wb_data=%h (expected %h)", v0x59ea13823c50_0, v0x59ea13822e90_0, v0x59ea13823aa0_0, v0x59ea13823f90_0, v0x59ea13805c40_0 {0 0 0};
    %jmp T_0.1;
T_0.0 ;
    %vpi_call/w 3 35 "$display", "PASS [%0d] %0s: MemtoReg=%b -> wb_data=%h", v0x59ea13823c50_0, v0x59ea13822e90_0, v0x59ea13823aa0_0, v0x59ea13823f90_0 {0 0 0};
T_0.1 ;
    %end;
S_0x59ea13822f50 .scope module, "dut" "writeback_mux" 3 18, 4 1 0, S_0x59ea137cb620;
 .timescale 0 0;
    .port_info 0 /INPUT 32 "alu_result";
    .port_info 1 /INPUT 32 "dmem_data";
    .port_info 2 /INPUT 32 "pc_plus_4";
    .port_info 3 /INPUT 2 "MemtoReg";
    .port_info 4 /OUTPUT 32 "wb_data";
v0x59ea13823150_0 .net "MemtoReg", 1 0, v0x59ea13823aa0_0;  1 drivers
L_0x7bd4ecb86018 .functor BUFT 1, C4<00>, C4<0>, C4<0>, C4<0>;
v0x59ea13823230_0 .net/2u *"_ivl_0", 1 0, L_0x7bd4ecb86018;  1 drivers
v0x59ea13823310_0 .net *"_ivl_2", 0 0, L_0x59ea13824090;  1 drivers
L_0x7bd4ecb86060 .functor BUFT 1, C4<01>, C4<0>, C4<0>, C4<0>;
v0x59ea138233b0_0 .net/2u *"_ivl_4", 1 0, L_0x7bd4ecb86060;  1 drivers
v0x59ea13823490_0 .net *"_ivl_6", 0 0, L_0x59ea13824200;  1 drivers
v0x59ea138235a0_0 .net *"_ivl_8", 31 0, L_0x59ea138242f0;  1 drivers
v0x59ea13823680_0 .net "alu_result", 31 0, v0x59ea13823b80_0;  1 drivers
v0x59ea13823760_0 .net "dmem_data", 31 0, v0x59ea13823d20_0;  1 drivers
v0x59ea13823840_0 .net "pc_plus_4", 31 0, v0x59ea13823ed0_0;  1 drivers
v0x59ea13823920_0 .net "wb_data", 31 0, L_0x59ea13824480;  alias, 1 drivers
L_0x59ea13824090 .cmp/eq 2, v0x59ea13823aa0_0, L_0x7bd4ecb86018;
L_0x59ea13824200 .cmp/eq 2, v0x59ea13823aa0_0, L_0x7bd4ecb86060;
L_0x59ea138242f0 .functor MUXZ 32, v0x59ea13823ed0_0, v0x59ea13823d20_0, L_0x59ea13824200, C4<>;
L_0x59ea13824480 .functor MUXZ 32, L_0x59ea138242f0, v0x59ea13823b80_0, L_0x59ea13824090, C4<>;
    .scope S_0x59ea137cb620;
T_1 ;
    %pushi/vec4 0, 0, 32;
    %store/vec4 v0x59ea13823e10_0, 0, 32;
    %pushi/vec4 0, 0, 32;
    %store/vec4 v0x59ea13823c50_0, 0, 32;
    %end;
    .thread T_1, $init;
    .scope S_0x59ea137cb620;
T_2 ;
    %vpi_call/w 3 42 "$display", "=== tb_writeback_mux: starting ===" {0 0 0};
    %pushi/vec4 286331153, 0, 32;
    %store/vec4 v0x59ea13823b80_0, 0, 32;
    %pushi/vec4 572662306, 0, 32;
    %store/vec4 v0x59ea13823d20_0, 0, 32;
    %pushi/vec4 858993459, 0, 32;
    %store/vec4 v0x59ea13823ed0_0, 0, 32;
    %pushi/vec4 0, 0, 2;
    %store/vec4 v0x59ea13823aa0_0, 0, 2;
    %delay 1000, 0;
    %pushi/vec4 286331153, 0, 32;
    %store/vec4 v0x59ea13805c40_0, 0, 32;
    %pushi/str "MemtoReg=00 selects alu_result (R-type/I-type ALU)";
    %store/str v0x59ea13822e90_0;
    %fork TD_tb_writeback_mux.check, S_0x59ea13805a60;
    %join;
    %pushi/vec4 1, 0, 2;
    %store/vec4 v0x59ea13823aa0_0, 0, 2;
    %delay 1000, 0;
    %pushi/vec4 572662306, 0, 32;
    %store/vec4 v0x59ea13805c40_0, 0, 32;
    %pushi/str "MemtoReg=01 selects dmem_data (LW)";
    %store/str v0x59ea13822e90_0;
    %fork TD_tb_writeback_mux.check, S_0x59ea13805a60;
    %join;
    %pushi/vec4 2, 0, 2;
    %store/vec4 v0x59ea13823aa0_0, 0, 2;
    %delay 1000, 0;
    %pushi/vec4 858993459, 0, 32;
    %store/vec4 v0x59ea13805c40_0, 0, 32;
    %pushi/str "MemtoReg=10 selects pc_plus_4 (JAL/JALR)";
    %store/str v0x59ea13822e90_0;
    %fork TD_tb_writeback_mux.check, S_0x59ea13805a60;
    %join;
    %pushi/vec4 3, 0, 2;
    %store/vec4 v0x59ea13823aa0_0, 0, 2;
    %delay 1000, 0;
    %pushi/vec4 858993459, 0, 32;
    %store/vec4 v0x59ea13805c40_0, 0, 32;
    %pushi/str "MemtoReg=11 (unused) falls through to pc_plus_4";
    %store/str v0x59ea13822e90_0;
    %fork TD_tb_writeback_mux.check, S_0x59ea13805a60;
    %join;
    %vpi_call/w 3 60 "$display", "=== tb_writeback_mux: %0d checks, %0d errors ===", v0x59ea13823c50_0, v0x59ea13823e10_0 {0 0 0};
    %load/vec4 v0x59ea13823e10_0;
    %cmpi/e 0, 0, 32;
    %jmp/0xz  T_2.0, 4;
    %vpi_call/w 3 61 "$display", "*** TB_WRITEBACK_MUX: ALL TESTS PASSED ***" {0 0 0};
    %jmp T_2.1;
T_2.0 ;
    %vpi_call/w 3 62 "$display", "*** TB_WRITEBACK_MUX: %0d TEST(S) FAILED ***", v0x59ea13823e10_0 {0 0 0};
T_2.1 ;
    %vpi_call/w 3 63 "$finish" {0 0 0};
    %end;
    .thread T_2;
# The file index is used to find the file name in the following table.
:file_names 5;
    "N/A";
    "<interactive>";
    "-";
    "tb/tb_writeback_mux.v";
    "writeback_mux.v";
